lib/tinyusb/src/class/cdc/cdc_device.c:83:13:_prep_out_transaction.isra	16	static
lib/tinyusb/src/class/cdc/cdc_device.c:115:6:tud_cdc_n_connected	8	static
lib/tinyusb/src/class/cdc/cdc_device.c:121:9:tud_cdc_n_get_line_state	0	static
lib/tinyusb/src/class/cdc/cdc_device.c:126:6:tud_cdc_n_get_line_coding	0	static
lib/tinyusb/src/class/cdc/cdc_device.c:131:6:tud_cdc_n_set_wanted_char	0	static
lib/tinyusb/src/class/cdc/cdc_device.c:140:10:tud_cdc_n_available	8	static
lib/tinyusb/src/class/cdc/cdc_device.c:145:10:tud_cdc_n_read	16	static
lib/tinyusb/src/class/cdc/cdc_device.c:153:6:tud_cdc_n_peek	0	static
lib/tinyusb/src/class/cdc/cdc_device.c:158:6:tud_cdc_n_read_flush	16	static
lib/tinyusb/src/class/cdc/cdc_device.c:182:10:tud_cdc_n_write_flush	24	static
lib/tinyusb/src/class/cdc/cdc_device.c:168:10:tud_cdc_n_write	16	static
lib/tinyusb/src/class/cdc/cdc_device.c:213:10:tud_cdc_n_write_available	8	static
lib/tinyusb/src/class/cdc/cdc_device.c:218:6:tud_cdc_n_write_clear	0	static
lib/tinyusb/src/class/cdc/cdc_device.c:226:6:cdcd_init	24	static
lib/tinyusb/src/class/cdc/cdc_device.c:257:6:cdcd_reset	8	static
lib/tinyusb/src/class/cdc/cdc_device.c:272:10:cdcd_open	32	static
lib/tinyusb/src/class/cdc/cdc_device.c:338:6:cdcd_control_xfer_cb	16	static
lib/tinyusb/src/class/cdc/cdc_device.c:420:6:cdcd_xfer_cb	40	static
