lib/nrfx/drivers/src/nrfx_usbd_errata.h:123:20:nrfx_usbd_errata_187	0	static
lib/tinyusb/src/portable/nordic/nrf5x/dcd_nrf5x.c:115:13:start_dma	0	static
lib/softdevice/s340_nrf52_6.1.1/s340_nrf52_6.1.1_API/include/nrf_soc.h:702:1:sd_clock_hfclk_request	0	static
lib/softdevice/s340_nrf52_6.1.1/s340_nrf52_6.1.1_API/include/nrf_soc.h:713:1:sd_clock_hfclk_release	0	static
lib/softdevice/s340_nrf52_6.1.1/s340_nrf52_6.1.1_API/include/nrf_soc.h:724:1:sd_clock_hfclk_is_running	0	static
lib/softdevice/s340_nrf52_6.1.1/s340_nrf52_6.1.1_API/include/nrf_sdm.h:356:1:sd_softdevice_is_enabled	0	static
lib/tinyusb/src/portable/nordic/nrf5x/dcd_nrf5x.c:134:13:edpt_dma_start	8	static
lib/tinyusb/src/portable/nordic/nrf5x/dcd_nrf5x.c:223:13:xact_in_dma	0	static
lib/tinyusb/src/portable/nordic/nrf5x/dcd_nrf5x.c:868:20:is_sd_enabled	16	static
lib/tinyusb/src/portable/nordic/nrf5x/dcd_nrf5x.c:878:13:hfclk_running	16	static
lib/tinyusb/src/portable/nordic/nrf5x/dcd_nrf5x.c:186:13:xact_out_dma.part.0	0	static
lib/tinyusb/src/portable/nordic/nrf5x/dcd_nrf5x.c:186:13:xact_out_dma	16	static
lib/tinyusb/src/portable/nordic/nrf5x/dcd_nrf5x.c:239:6:dcd_init	0	static
lib/tinyusb/src/portable/nordic/nrf5x/dcd_nrf5x.c:245:6:dcd_int_enable	0	static
lib/tinyusb/src/portable/nordic/nrf5x/dcd_nrf5x.c:251:6:dcd_int_disable	0	static
lib/tinyusb/src/portable/nordic/nrf5x/dcd_nrf5x.c:257:6:dcd_set_address	0	static
lib/tinyusb/src/portable/nordic/nrf5x/dcd_nrf5x.c:273:6:dcd_remote_wakeup	0	static
lib/tinyusb/src/portable/nordic/nrf5x/dcd_nrf5x.c:283:6:dcd_disconnect	0	static
lib/tinyusb/src/portable/nordic/nrf5x/dcd_nrf5x.c:294:6:dcd_connect	0	static
lib/tinyusb/src/portable/nordic/nrf5x/dcd_nrf5x.c:303:6:dcd_edpt_open	16	static
lib/tinyusb/src/portable/nordic/nrf5x/dcd_nrf5x.c:371:6:dcd_edpt_close_all	24	static
lib/tinyusb/src/portable/nordic/nrf5x/dcd_nrf5x.c:403:6:dcd_edpt_close	8	static
lib/tinyusb/src/portable/nordic/nrf5x/dcd_nrf5x.c:447:6:dcd_edpt_xfer	32	static
lib/tinyusb/src/portable/nordic/nrf5x/dcd_nrf5x.c:502:6:dcd_edpt_stall	8	static
lib/tinyusb/src/portable/nordic/nrf5x/dcd_nrf5x.c:530:6:dcd_edpt_clear_stall	0	static
lib/tinyusb/src/portable/nordic/nrf5x/dcd_nrf5x.c:557:6:bus_reset	8	static
lib/tinyusb/src/portable/nordic/nrf5x/dcd_nrf5x.c:586:6:dcd_int_handler	56	static
lib/tinyusb/src/portable/nordic/nrf5x/dcd_nrf5x.c:932:6:tusb_hal_nrf_power_event	16	static
