lib/softdevice/s340_nrf52_6.1.1/s340_nrf52_6.1.1_API/include/nrf52/nrf_mbr.h:257:1:sd_mbr_command	0	static
lib/sdk11/components/libraries/bootloader_dfu/dfu_single_bank.c:50:13:pstorage_callback_handler	24	static
lib/sdk11/components/libraries/bootloader_dfu/dfu_single_bank.c:190:17:dfu_activate_app	48	static
lib/sdk11/components/libraries/bootloader_dfu/dfu_single_bank.c:214:17:dfu_activate_bl	40	static
lib/sdk11/components/libraries/bootloader_dfu/dfu_single_bank.c:166:17:dfu_activate_sd	40	static
lib/sdk11/components/libraries/bootloader_dfu/dfu_single_bank.c:121:13:dfu_cleared_func_app	40	static
lib/sdk11/components/libraries/bootloader_dfu/dfu_single_bank.c:89:13:dfu_prepare_func_app_erase	32	static
lib/sdk11/components/libraries/bootloader_dfu/dfu_single_bank.c:550:17:dfu_sd_img_block_swap	40	static
lib/sdk11/components/libraries/bootloader_dfu/dfu_single_bank.c:136:10:offset_calculate	0	static
lib/sdk11/components/libraries/bootloader_dfu/dfu_single_bank.c:230:10:dfu_init	24	static
lib/sdk11/components/libraries/bootloader_dfu/dfu_single_bank.c:254:6:dfu_register_callback	0	static
lib/sdk11/components/libraries/bootloader_dfu/dfu_single_bank.c:260:10:dfu_start_pkt_handle	16	static
lib/sdk11/components/libraries/bootloader_dfu/dfu_single_bank.c:321:10:dfu_data_pkt_handle	48	static
lib/sdk11/components/libraries/bootloader_dfu/dfu_single_bank.c:395:10:dfu_init_pkt_complete	16	static
lib/sdk11/components/libraries/bootloader_dfu/dfu_single_bank.c:422:10:dfu_init_pkt_handle	24	static
lib/sdk11/components/libraries/bootloader_dfu/dfu_single_bank.c:462:10:dfu_image_validate	8	static
lib/sdk11/components/libraries/bootloader_dfu/dfu_single_bank.c:495:10:dfu_image_activate	0	static
lib/sdk11/components/libraries/bootloader_dfu/dfu_single_bank.c:514:6:dfu_reset	40	static
lib/sdk11/components/libraries/bootloader_dfu/dfu_single_bank.c:581:10:dfu_sd_image_swap	72	static
lib/sdk11/components/libraries/bootloader_dfu/dfu_single_bank.c:638:10:dfu_bl_image_swap	56	static
lib/sdk11/components/libraries/bootloader_dfu/dfu_single_bank.c:662:10:dfu_bl_image_validate	56	static
lib/sdk11/components/libraries/bootloader_dfu/dfu_single_bank.c:687:10:dfu_sd_image_validate	56	static
