lib/sdk/components/libraries/util/app_util.h:925:26:uint32_decode	0	static
lib/softdevice/s340_nrf52_6.1.1/s340_nrf52_6.1.1_API/include/ble_gap.h:1640:1:sd_ble_gap_addr_set	0	static
lib/softdevice/s340_nrf52_6.1.1/s340_nrf52_6.1.1_API/include/ble_gap.h:1653:1:sd_ble_gap_addr_get	0	static
lib/softdevice/s340_nrf52_6.1.1/s340_nrf52_6.1.1_API/include/ble_gap.h:1698:1:sd_ble_gap_whitelist_set	0	static
lib/softdevice/s340_nrf52_6.1.1/s340_nrf52_6.1.1_API/include/ble_gap.h:1729:1:sd_ble_gap_device_identities_set	0	static
lib/softdevice/s340_nrf52_6.1.1/s340_nrf52_6.1.1_API/include/ble_gap.h:1814:1:sd_ble_gap_adv_set_configure	0	static
lib/softdevice/s340_nrf52_6.1.1/s340_nrf52_6.1.1_API/include/ble_gap.h:1857:1:sd_ble_gap_adv_start	0	static
lib/softdevice/s340_nrf52_6.1.1/s340_nrf52_6.1.1_API/include/ble_gap.h:1873:1:sd_ble_gap_adv_stop	0	static
lib/softdevice/s340_nrf52_6.1.1/s340_nrf52_6.1.1_API/include/ble_gap.h:1935:1:sd_ble_gap_disconnect	0	static
lib/softdevice/s340_nrf52_6.1.1/s340_nrf52_6.1.1_API/include/ble_gap.h:1960:1:sd_ble_gap_tx_power_set	0	static
lib/softdevice/s340_nrf52_6.1.1/s340_nrf52_6.1.1_API/include/ble_gap.h:1991:1:sd_ble_gap_ppcp_set	0	static
lib/softdevice/s340_nrf52_6.1.1/s340_nrf52_6.1.1_API/include/ble_gap.h:2019:1:sd_ble_gap_device_name_set	0	static
lib/softdevice/s340_nrf52_6.1.1/s340_nrf52_6.1.1_API/include/ble_gap.h:2147:1:sd_ble_gap_sec_params_reply	0	static
lib/softdevice/s340_nrf52_6.1.1/s340_nrf52_6.1.1_API/include/ble_gap.h:2347:1:sd_ble_gap_sec_info_reply	0	static
lib/softdevice/s340_nrf52_6.1.1/s340_nrf52_6.1.1_API/include/ble_gap.h:2607:1:sd_ble_gap_phy_update	0	static
lib/softdevice/s340_nrf52_6.1.1/s340_nrf52_6.1.1_API/include/ble_gap.h:2645:1:sd_ble_gap_data_length_update	0	static
lib/softdevice/s340_nrf52_6.1.1/s340_nrf52_6.1.1_API/include/ble_gatts.h:672:1:sd_ble_gatts_service_changed	0	static
lib/softdevice/s340_nrf52_6.1.1/s340_nrf52_6.1.1_API/include/ble_gatts.h:705:1:sd_ble_gatts_rw_authorize_reply	0	static
lib/softdevice/s340_nrf52_6.1.1/s340_nrf52_6.1.1_API/include/ble_gatts.h:749:1:sd_ble_gatts_sys_attr_set	0	static
lib/softdevice/s340_nrf52_6.1.1/s340_nrf52_6.1.1_API/include/ble_gatts.h:782:1:sd_ble_gatts_sys_attr_get	0	static
lib/softdevice/s340_nrf52_6.1.1/s340_nrf52_6.1.1_API/include/ble_gatts.h:835:1:sd_ble_gatts_exchange_mtu_reply	0	static
lib/softdevice/s340_nrf52_6.1.1/s340_nrf52_6.1.1_API/include/ble.h:596:1:sd_ble_uuid_encode	0	static
lib/softdevice/s340_nrf52_6.1.1/s340_nrf52_6.1.1_API/include/ble.h:635:1:sd_ble_user_mem_reply	0	static
lib/sdk11/components/libraries/bootloader_dfu/dfu_transport_ble.c:180:27:nrf_err_code_translate	0	static
lib/sdk11/components/libraries/bootloader_dfu/dfu_transport_ble.c:963:13:service_error_handler	0	static
lib/sdk11/components/libraries/bootloader_dfu/dfu_transport_ble.c:278:13:dfu_error_notify	8	static
lib/sdk11/components/libraries/bootloader_dfu/dfu_transport_ble.c:219:13:dfu_cb_handler	8	static
lib/sdk11/components/libraries/bootloader_dfu/dfu_transport_ble.c:618:13:advertising_add.constprop	24	static
lib/sdk11/components/libraries/bootloader_dfu/dfu_transport_ble.c:652:13:advertising_start	104	static
lib/sdk11/components/libraries/bootloader_dfu/dfu_transport_ble.c:923:17:ble_evt_dispatch	216	static
lib/sdk11/components/libraries/bootloader_dfu/dfu_transport_ble.c:1022:10:dfu_transport_ble_update_start	96	static
lib/sdk11/components/libraries/bootloader_dfu/dfu_transport_ble.c:1065:10:dfu_transport_ble_close	8	static
lib/sdk11/components/libraries/bootloader_dfu/dfu_transport_ble.c:530:13:on_dfu_evt	56	static
