Archive member included to satisfy reference by file (symbol)

/usr/local/Cellar/arm-none-eabi-gcc/10.3-2021.07/gcc/bin/../lib/gcc/arm-none-eabi/10.3.1/../../../../arm-none-eabi/lib/thumb/v7e-m+fp/hard/libc.a(lib_a-exit.o)
                              /usr/local/Cellar/arm-none-eabi-gcc/10.3-2021.07/gcc/bin/../lib/gcc/arm-none-eabi/10.3.1/../../../../arm-none-eabi/lib/thumb/v7e-m+fp/hard/crt0.o (exit)
/usr/local/Cellar/arm-none-eabi-gcc/10.3-2021.07/gcc/bin/../lib/gcc/arm-none-eabi/10.3.1/../../../../arm-none-eabi/lib/thumb/v7e-m+fp/hard/libc.a(lib_a-impure.o)
                              /usr/local/Cellar/arm-none-eabi-gcc/10.3-2021.07/gcc/bin/../lib/gcc/arm-none-eabi/10.3.1/../../../../arm-none-eabi/lib/thumb/v7e-m+fp/hard/libc.a(lib_a-exit.o) (_global_impure_ptr)
/usr/local/Cellar/arm-none-eabi-gcc/10.3-2021.07/gcc/bin/../lib/gcc/arm-none-eabi/10.3.1/../../../../arm-none-eabi/lib/thumb/v7e-m+fp/hard/libc.a(lib_a-init.o)
                              /usr/local/Cellar/arm-none-eabi-gcc/10.3-2021.07/gcc/bin/../lib/gcc/arm-none-eabi/10.3.1/../../../../arm-none-eabi/lib/thumb/v7e-m+fp/hard/crt0.o (__libc_init_array)
/usr/local/Cellar/arm-none-eabi-gcc/10.3-2021.07/gcc/bin/../lib/gcc/arm-none-eabi/10.3.1/../../../../arm-none-eabi/lib/thumb/v7e-m+fp/hard/libc.a(lib_a-memset.o)
                              /usr/local/Cellar/arm-none-eabi-gcc/10.3-2021.07/gcc/bin/../lib/gcc/arm-none-eabi/10.3.1/../../../../arm-none-eabi/lib/thumb/v7e-m+fp/hard/crt0.o (memset)
/usr/local/Cellar/arm-none-eabi-gcc/10.3-2021.07/gcc/bin/../lib/gcc/arm-none-eabi/10.3.1/../../../../arm-none-eabi/lib/thumb/v7e-m+fp/hard/libc.a(lib_a-__call_atexit.o)
                              /usr/local/Cellar/arm-none-eabi-gcc/10.3-2021.07/gcc/bin/../lib/gcc/arm-none-eabi/10.3.1/../../../../arm-none-eabi/lib/thumb/v7e-m+fp/hard/libc.a(lib_a-exit.o) (__call_exitprocs)
/usr/local/Cellar/arm-none-eabi-gcc/10.3-2021.07/gcc/bin/../lib/gcc/arm-none-eabi/10.3.1/../../../../arm-none-eabi/lib/thumb/v7e-m+fp/hard/libc.a(lib_a-atexit.o)
                              /usr/local/Cellar/arm-none-eabi-gcc/10.3-2021.07/gcc/bin/../lib/gcc/arm-none-eabi/10.3.1/../../../../arm-none-eabi/lib/thumb/v7e-m+fp/hard/libc.a(lib_a-__call_atexit.o) (atexit)
/usr/local/Cellar/arm-none-eabi-gcc/10.3-2021.07/gcc/bin/../lib/gcc/arm-none-eabi/10.3.1/../../../../arm-none-eabi/lib/thumb/v7e-m+fp/hard/libc.a(lib_a-fini.o)
                              /usr/local/Cellar/arm-none-eabi-gcc/10.3-2021.07/gcc/bin/../lib/gcc/arm-none-eabi/10.3.1/../../../../arm-none-eabi/lib/thumb/v7e-m+fp/hard/libc.a(lib_a-__call_atexit.o) (__libc_fini_array)
/usr/local/Cellar/arm-none-eabi-gcc/10.3-2021.07/gcc/bin/../lib/gcc/arm-none-eabi/10.3.1/../../../../arm-none-eabi/lib/thumb/v7e-m+fp/hard/libc.a(lib_a-lock.o)
                              /usr/local/Cellar/arm-none-eabi-gcc/10.3-2021.07/gcc/bin/../lib/gcc/arm-none-eabi/10.3.1/../../../../arm-none-eabi/lib/thumb/v7e-m+fp/hard/libc.a(lib_a-__call_atexit.o) (__retarget_lock_acquire_recursive)
/usr/local/Cellar/arm-none-eabi-gcc/10.3-2021.07/gcc/bin/../lib/gcc/arm-none-eabi/10.3.1/../../../../arm-none-eabi/lib/thumb/v7e-m+fp/hard/libc.a(lib_a-__atexit.o)
                              /usr/local/Cellar/arm-none-eabi-gcc/10.3-2021.07/gcc/bin/../lib/gcc/arm-none-eabi/10.3.1/../../../../arm-none-eabi/lib/thumb/v7e-m+fp/hard/libc.a(lib_a-atexit.o) (__register_exitproc)
/usr/local/Cellar/arm-none-eabi-gcc/10.3-2021.07/gcc/bin/../lib/gcc/arm-none-eabi/10.3.1/../../../../arm-none-eabi/lib/thumb/v7e-m+fp/hard/libnosys.a(_exit.o)
                              /usr/local/Cellar/arm-none-eabi-gcc/10.3-2021.07/gcc/bin/../lib/gcc/arm-none-eabi/10.3.1/../../../../arm-none-eabi/lib/thumb/v7e-m+fp/hard/libc.a(lib_a-exit.o) (_exit)
/usr/local/Cellar/arm-none-eabi-gcc/10.3-2021.07/gcc/bin/../lib/gcc/arm-none-eabi/10.3.1/../../../../arm-none-eabi/lib/thumb/v7e-m+fp/hard/libc_nano.a(lib_a-memcmp.o)
                              _build/build-feather_nrf52840_express_s340/flash_nrf5x.o (memcmp)
/usr/local/Cellar/arm-none-eabi-gcc/10.3-2021.07/gcc/bin/../lib/gcc/arm-none-eabi/10.3.1/../../../../arm-none-eabi/lib/thumb/v7e-m+fp/hard/libc_nano.a(lib_a-memcpy-stub.o)
                              _build/build-feather_nrf52840_express_s340/dfu_ble_svc.o (memcpy)
/usr/local/Cellar/arm-none-eabi-gcc/10.3-2021.07/gcc/bin/../lib/gcc/arm-none-eabi/10.3.1/../../../../arm-none-eabi/lib/thumb/v7e-m+fp/hard/libc_nano.a(lib_a-memmove.o)
                              _build/build-feather_nrf52840_express_s340/msc_device.o (memmove)
/usr/local/Cellar/arm-none-eabi-gcc/10.3-2021.07/gcc/bin/../lib/gcc/arm-none-eabi/10.3.1/../../../../arm-none-eabi/lib/thumb/v7e-m+fp/hard/libc_nano.a(lib_a-strcat.o)
                              _build/build-feather_nrf52840_express_s340/ghostfat.o (strcat)
/usr/local/Cellar/arm-none-eabi-gcc/10.3-2021.07/gcc/bin/../lib/gcc/arm-none-eabi/10.3.1/../../../../arm-none-eabi/lib/thumb/v7e-m+fp/hard/libc_nano.a(lib_a-strlen.o)
[...]
Memory Configuration

Name             Origin             Length             Attributes
FLASH            0x00000000000f4000 0x0000000000009800 xr
BOOTLOADER_CONFIG 0x00000000000fd800 0x0000000000000800 r
MBR_PARAMS_PAGE  0x00000000000fe000 0x0000000000001000 rw
BOOTLOADER_SETTINGS 0x00000000000ff000 0x0000000000001000 rw
RAM              0x0000000020008000 0x0000000000038000 xrw
DBL_RESET        0x0000000020007f7c 0x0000000000000004 xrw
NOINIT           0x0000000020007f80 0x0000000000000080 xrw
UICR_BOOTLOADER  0x0000000010001014 0x0000000000000004 r
UICR_MBR_PARAM_PAGE 0x0000000010001018 0x0000000000000004 r
*default*        0x0000000000000000 0xffffffffffffffff

Linker script and memory map

LOAD /usr/local/Cellar/arm-none-eabi-gcc/10.3-2021.07/gcc/bin/../lib/gcc/arm-none-eabi/10.3.1/thumb/v7e-m+fp/hard/crti.o
LOAD /usr/local/Cellar/arm-none-eabi-gcc/10.3-2021.07/gcc/bin/../lib/gcc/arm-none-eabi/10.3.1/thumb/v7e-m+fp/hard/crtbegin.o
LOAD /usr/local/Cellar/arm-none-eabi-gcc/10.3-2021.07/gcc/bin/../lib/gcc/arm-none-eabi/10.3.1/../../../../arm-none-eabi/lib/thumb/v7e-m+fp/hard/crt0.o
START GROUP
LOAD /usr/local/Cellar/arm-none-eabi-gcc/10.3-2021.07/gcc/bin/../lib/gcc/arm-none-eabi/10.3.1/thumb/v7e-m+fp/hard/libgcc.a
LOAD /usr/local/Cellar/arm-none-eabi-gcc/10.3-2021.07/gcc/bin/../lib/gcc/arm-none-eabi/10.3.1/../../../../arm-none-eabi/lib/thumb/v7e-m+fp/hard/libc.a
LOAD /usr/local/Cellar/arm-none-eabi-gcc/10.3-2021.07/gcc/bin/../lib/gcc/arm-none-eabi/10.3.1/../../../../arm-none-eabi/lib/thumb/v7e-m+fp/hard/libnosys.a
END GROUP

.fs_data_out    0x0000000000000000        0x0
                [!provide]                        PROVIDE (__start_fs_data = .)
 *(fs_data)
                [!provide]                        PROVIDE (__stop_fs_data = .)

.bootloaderConfig
                0x00000000000fd800       0x58
 *(.bootloaderConfig)
 .bootloaderConfig
                0x00000000000fd800       0x58 _build/build-feather_nrf52840_express_s340/pinconfig.o
                0x00000000000fd800                bootloaderConfig

.bootloaderSettings
                0x00000000000ff000     0x1000
 .bootloaderSettings
                0x00000000000ff000     0x1000 _build/build-feather_nrf52840_express_s340/bootloader_settings.o
                0x00000000000ff000                m_boot_settings

.uicrBootStartAddress
                0x0000000010001014        0x4
 *(.uicrBootStartAddress)
 .uicrBootStartAddress
                0x0000000010001014        0x4 _build/build-feather_nrf52840_express_s340/bootloader_settings.o
                0x0000000010001014                m_uicr_bootloader_start_address

.mbrParamsPage

.uicrMbrParamsPageAddress
                0x0000000010001018        0x4
 *(.uicrMbrParamsPageAddress)
 .uicrMbrParamsPageAddress
                0x0000000010001018        0x4 _build/build-feather_nrf52840_express_s340/bootloader_settings.o
                0x0000000010001018                m_uicr_mbr_params_page_address

.dbl_reset

.noinit         0x0000000020007f80       0x3e
 .noinit        0x0000000020007f80       0x3e _build/build-feather_nrf52840_express_s340/dfu_ble_svc.o

.text           0x00000000000f4000     0x7c38
 *(.isr_vector)
 .isr_vector    0x00000000000f4000      0x200 _build/build-feather_nrf52840_express_s340/gcc_startup_nrf52840.o
                0x00000000000f4000                __isr_vector
 *(.text*)
 .text          0x00000000000f4200       0x40 /usr/local/Cellar/arm-none-eabi-gcc/10.3-2021.07/gcc/bin/../lib/gcc/arm-none-eabi/10.3.1/thumb/v7e-m+fp/hard/crtbegin.o
 .text          0x00000000000f4240       0x7c /usr/local/Cellar/arm-none-eabi-gcc/10.3-2021.07/gcc/bin/../lib/gcc/arm-none-eabi/10.3.1/../../../../arm-none-eabi/lib/thumb/v7e-m+fp/hard/crt0.o
                0x00000000000f4240                _stack_init
                0x00000000000f4248                _mainCRTStartup
                0x00000000000f4248                _start
 .text.exit     0x00000000000f42bc       0x20 /usr/local/Cellar/arm-none-eabi-gcc/10.3-2021.07/gcc/bin/../lib/gcc/arm-none-eabi/10.3.1/../../../../arm-none-eabi/lib/thumb/v7e-m+fp/hard/libc.a(lib_a-exit.o)
                0x00000000000f42bc                exit
 .text.__libc_init_array
                0x00000000000f42dc       0x48 /usr/local/Cellar/arm-none-eabi-gcc/10.3-2021.07/gcc/bin/../lib/gcc/arm-none-eabi/10.3.1/../../../../arm-none-eabi/lib/thumb/v7e-m+fp/hard/libc.a(lib_a-init.o)
                0x00000000000f42dc                __libc_init_array
 .text.memset   0x00000000000f4324       0xa4 /usr/local/Cellar/arm-none-eabi-gcc/10.3-2021.07/gcc/bin/../lib/gcc/arm-none-eabi/10.3.1/../../../../arm-none-eabi/lib/thumb/v7e-m+fp/hard/libc.a(lib_a-memset.o)
                0x00000000000f4324                memset
 .text.startup.register_fini
                0x00000000000f43c8       0x14 /usr/local/Cellar/arm-none-eabi-gcc/10.3-2021.07/gcc/bin/../lib/gcc/arm-none-eabi/10.3.1/../../../../arm-none-eabi/lib/thumb/v7e-m+fp/hard/libc.a(lib_a-__call_atexit.o)
 .text.__call_exitprocs
                0x00000000000f43dc       0xcc /usr/local/Cellar/arm-none-eabi-gcc/10.3-2021.07/gcc/bin/../lib/gcc/arm-none-eabi/10.3.1/../../../../arm-none-eabi/lib/thumb/v7e-m+fp/hard/libc.a(lib_a-__call_atexit.o)
                0x00000000000f43dc                __call_exitprocs
 .text.atexit   0x00000000000f44a8        0xc /usr/local/Cellar/arm-none-eabi-gcc/10.3-2021.07/gcc/bin/../lib/gcc/arm-none-eabi/10.3.1/../../../../arm-none-eabi/lib/thumb/v7e-m+fp/hard/libc.a(lib_a-atexit.o)
                0x00000000000f44a8                atexit
 .text.__libc_fini_array
                0x00000000000f44b4       0x2c /usr/local/Cellar/arm-none-eabi-gcc/10.3-2021.07/gcc/bin/../lib/gcc/arm-none-eabi/10.3.1/../../../../arm-none-eabi/lib/thumb/v7e-m+fp/hard/libc.a(lib_a-fini.o)
                0x00000000000f44b4                __libc_fini_array
 .text.__retarget_lock_acquire_recursive
                0x00000000000f44e0        0x4 /usr/local/Cellar/arm-none-eabi-gcc/10.3-2021.07/gcc/bin/../lib/gcc/arm-none-eabi/10.3.1/../../../../arm-none-eabi/lib/thumb/v7e-m+fp/hard/libc.a(lib_a-lock.o)
                0x00000000000f44e0                __retarget_lock_acquire_recursive
 .text.__retarget_lock_release_recursive
                0x00000000000f44e4        0x4 /usr/local/Cellar/arm-none-eabi-gcc/10.3-2021.07/gcc/bin/../lib/gcc/arm-none-eabi/10.3.1/../../../../arm-none-eabi/lib/thumb/v7e-m+fp/hard/libc.a(lib_a-lock.o)
                0x00000000000f44e4                __retarget_lock_release_recursive
 .text.__register_exitproc
                0x00000000000f44e8       0x8c /usr/local/Cellar/arm-none-eabi-gcc/10.3-2021.07/gcc/bin/../lib/gcc/arm-none-eabi/10.3.1/../../../../arm-none-eabi/lib/thumb/v7e-m+fp/hard/libc.a(lib_a-__atexit.o)
                0x00000000000f44e8                __register_exitproc
 .text._exit    0x00000000000f4574        0x4 /usr/local/Cellar/arm-none-eabi-gcc/10.3-2021.07/gcc/bin/../lib/gcc/arm-none-eabi/10.3.1/../../../../arm-none-eabi/lib/thumb/v7e-m+fp/hard/libnosys.a(_exit.o)
                0x00000000000f4574                _exit
 .text.C_SVC_Handler
                0x00000000000f4578       0x4c _build/build-feather_nrf52840_express_s340/dfu_ble_svc.o
                0x00000000000f4578                C_SVC_Handler
 .text.SVC_Handler
                0x00000000000f45c4       0x24 _build/build-feather_nrf52840_express_s340/dfu_ble_svc.o
                0x00000000000f45c4                SVC_Handler
 .text.dfu_ble_peer_data_get
                0x00000000000f45e8       0x40 _build/build-feather_nrf52840_express_s340/dfu_ble_svc.o
                0x00000000000f45e8                dfu_ble_peer_data_get
 .text.dfu_init_prevalidate
                0x00000000000f4628       0x74 _build/build-feather_nrf52840_express_s340/dfu_init.o
                0x00000000000f4628                dfu_init_prevalidate
 .text.dfu_init_postvalidate
                0x00000000000f469c       0x1c _build/build-feather_nrf52840_express_s340/dfu_init.o
                0x00000000000f469c                dfu_init_postvalidate
 .text.flash_nrf5x_flush
                0x00000000000f46b8       0x3c _build/build-feather_nrf52840_express_s340/flash_nrf5x.o
                0x00000000000f46b8                flash_nrf5x_flush
 .text.flash_nrf5x_write
                0x00000000000f46f4       0x50 _build/build-feather_nrf52840_express_s340/flash_nrf5x.o
                0x00000000000f46f4                flash_nrf5x_write
 .text.NVIC_SystemReset
                0x00000000000f4744       0x24 _build/build-feather_nrf52840_express_s340/main.o
 .text.sd_evt_get
                0x00000000000f4768        0x4 _build/build-feather_nrf52840_express_s340/main.o
 .text.sd_softdevice_enable
                0x00000000000f476c        0x4 _build/build-feather_nrf52840_express_s340/main.o
 .text.sd_softdevice_disable
                0x00000000000f4770        0x4 _build/build-feather_nrf52840_express_s340/main.o
 .text.sd_softdevice_vector_table_base_set
                0x00000000000f4774        0x4 _build/build-feather_nrf52840_express_s340/main.o
 .text.sd_mbr_command
                0x00000000000f4778        0x4 _build/build-feather_nrf52840_express_s340/main.o
 .text.sd_ble_enable
                0x00000000000f477c        0x4 _build/build-feather_nrf52840_express_s340/main.o
 .text.sd_ble_cfg_set
                0x00000000000f4780        0x4 _build/build-feather_nrf52840_express_s340/main.o
 .text.sd_ble_evt_get
                0x00000000000f4784        0x4 _build/build-feather_nrf52840_express_s340/main.o
 .text.mbr_init_sd
                0x00000000000f4788       0x1a _build/build-feather_nrf52840_express_s340/main.o
 .text.app_error_fault_handler
                0x00000000000f47a2       0x14 _build/build-feather_nrf52840_express_s340/main.o
                0x00000000000f47a2                app_error_fault_handler
 *fill*         0x00000000000f47b6        0x2 
 .text.is_ota   0x00000000000f47b8        0xc _build/build-feather_nrf52840_express_s340/main.o
                0x00000000000f47b8                is_ota
 .text.startup.main
                0x00000000000f47c4      0x330 _build/build-feather_nrf52840_express_s340/main.o
                0x00000000000f47c4                main
 .text.proc_ble
                0x00000000000f4af4       0x54 _build/build-feather_nrf52840_express_s340/main.o
                0x00000000000f4af4                proc_ble
 .text.proc_soc
                0x00000000000f4b48       0x38 _build/build-feather_nrf52840_express_s340/main.o
                0x00000000000f4b48                proc_soc
 .text.proc_sd_task
                0x00000000000f4b80       0x14 _build/build-feather_nrf52840_express_s340/main.o
                0x00000000000f4b80                proc_sd_task
 .text.SWI2_EGU2_IRQHandler
                0x00000000000f4b94       0x10 _build/build-feather_nrf52840_express_s340/main.o
                0x00000000000f4b94                SWI2_EGU2_IRQHandler
 .text.button_init
                0x00000000000f4ba4       0x24 _build/build-feather_nrf52840_express_s340/boards.o
                0x00000000000f4ba4                button_init
 .text.button_pressed
                0x00000000000f4bc8       0x24 _build/build-feather_nrf52840_express_s340/boards.o
                0x00000000000f4bc8                button_pressed
 .text.board_init_extra
                0x00000000000f4bec        0x2 _build/build-feather_nrf52840_express_s340/boards.o
                0x00000000000f4bec                board_init_extra
 .text.pwm_teardown
                0x00000000000f4bee       0x3e _build/build-feather_nrf52840_express_s340/boards.o
                0x00000000000f4bee                pwm_teardown
 .text.led_pwm_init
                0x00000000000f4c2c       0x7c _build/build-feather_nrf52840_express_s340/boards.o
                0x00000000000f4c2c                led_pwm_init
 .text.led_pwm_teardown
                0x00000000000f4ca8        0xc _build/build-feather_nrf52840_express_s340/boards.o
                0x00000000000f4ca8                led_pwm_teardown
 .text.led_pwm_duty_cycle
                0x00000000000f4cb4       0x28 _build/build-feather_nrf52840_express_s340/boards.o
                0x00000000000f4cb4                led_pwm_duty_cycle
 .text.led_tick
                0x00000000000f4cdc       0x6c _build/build-feather_nrf52840_express_s340/boards.o
                0x00000000000f4cdc                led_tick
 .text.SysTick_Handler
                0x00000000000f4d48       0x10 _build/build-feather_nrf52840_express_s340/boards.o
                0x00000000000f4d48                SysTick_Handler
 .text.neopixel_init
                0x00000000000f4d58       0x44 _build/build-feather_nrf52840_express_s340/boards.o
                0x00000000000f4d58                neopixel_init
 .text.board_init
                0x00000000000f4d9c       0x94 _build/build-feather_nrf52840_express_s340/boards.o
                0x00000000000f4d9c                board_init
 .text.neopixel_write
                0x00000000000f4e30       0xa8 _build/build-feather_nrf52840_express_s340/boards.o
                0x00000000000f4e30                neopixel_write
 .text.led_state
                0x00000000000f4ed8       0xa4 _build/build-feather_nrf52840_express_s340/boards.o
                0x00000000000f4ed8                led_state
 .text.neopixel_teardown
                0x00000000000f4f7c       0x40 _build/build-feather_nrf52840_express_s340/boards.o
                0x00000000000f4f7c                neopixel_teardown
 .text.board_teardown
                0x00000000000f4fbc       0x6c _build/build-feather_nrf52840_express_s340/boards.o
                0x00000000000f4fbc                board_teardown
 .text.nrf_power_event_get_and_clear.constprop.0
                0x00000000000f5028       0x20 _build/build-feather_nrf52840_express_s340/nrfx_power.o
 .text.nrfx_power_init
                0x00000000000f5048       0x50 _build/build-feather_nrf52840_express_s340/nrfx_power.o
                0x00000000000f5048                nrfx_power_init
 .text.nrfx_power_usbevt_init
                0x00000000000f5098        0xc _build/build-feather_nrf52840_express_s340/nrfx_power.o
                0x00000000000f5098                nrfx_power_usbevt_init
 .text.nrfx_power_usbevt_enable
                0x00000000000f50a4        0xe _build/build-feather_nrf52840_express_s340/nrfx_power.o
                0x00000000000f50a4                nrfx_power_usbevt_enable
 *fill*         0x00000000000f50b2        0x2 
 .text.POWER_CLOCK_IRQHandler
                0x00000000000f50b4       0xa0 _build/build-feather_nrf52840_express_s340/nrfx_power.o
                0x00000000000f50b4                POWER_CLOCK_IRQHandler
 .text.nvmc_word_write
                0x00000000000f5154       0x18 _build/build-feather_nrf52840_express_s340/nrfx_nvmc.o
 .text.nrfx_nvmc_page_erase
                0x00000000000f516c       0x40 _build/build-feather_nrf52840_express_s340/nrfx_nvmc.o
                0x00000000000f516c                nrfx_nvmc_page_erase
 .text.nrfx_nvmc_words_write
                0x00000000000f51ac       0x34 _build/build-feather_nrf52840_express_s340/nrfx_nvmc.o
                0x00000000000f51ac                nrfx_nvmc_words_write
 .text.NVIC_SystemReset
                0x00000000000f51e0       0x24 _build/build-feather_nrf52840_express_s340/system_nrf52840.o
 .text.errata_98
                0x00000000000f5204       0x24 _build/build-feather_nrf52840_express_s340/system_nrf52840.o
 .text.SystemInit
                0x00000000000f5228      0x1f8 _build/build-feather_nrf52840_express_s340/system_nrf52840.o
                0x00000000000f5228                SystemInit
 .text.sd_softdevice_vector_table_base_set
                0x00000000000f5420        0x4 _build/build-feather_nrf52840_express_s340/bootloader.o
 .text.sd_mbr_command
                0x00000000000f5424        0x4 _build/build-feather_nrf52840_express_s340/bootloader.o
 .text.pstorage_callback_handler
                0x00000000000f5428       0x20 _build/build-feather_nrf52840_express_s340/bootloader.o
 .text.bootloader_settings_save.constprop.0
                0x00000000000f5448       0x5c _build/build-feather_nrf52840_express_s340/bootloader.o
 .text.wait_for_events
                0x00000000000f54a4       0x58 _build/build-feather_nrf52840_express_s340/bootloader.o
 .text.bootloader_app_is_valid
                0x00000000000f54fc       0x54 _build/build-feather_nrf52840_express_s340/bootloader.o
                0x00000000000f54fc                bootloader_app_is_valid
 .text.bootloader_dfu_update_process
                0x00000000000f5550      0x10c _build/build-feather_nrf52840_express_s340/bootloader.o
                0x00000000000f5550                bootloader_dfu_update_process
 .text.dfu_startup_timer_handler
                0x00000000000f565c       0x3c _build/build-feather_nrf52840_express_s340/bootloader.o
 .text.bootloader_init
                0x00000000000f5698       0x30 _build/build-feather_nrf52840_express_s340/bootloader.o
                0x00000000000f5698                bootloader_init
 .text.bootloader_dfu_start
                0x00000000000f56c8       0x78 _build/build-feather_nrf52840_express_s340/bootloader.o
                0x00000000000f56c8                bootloader_dfu_start
 .text.bootloader_app_start
                0x00000000000f5740       0x58 _build/build-feather_nrf52840_express_s340/bootloader.o
                0x00000000000f5740                bootloader_app_start
 .text.bootloader_dfu_sd_in_progress
                0x00000000000f5798       0x24 _build/build-feather_nrf52840_express_s340/bootloader.o
                0x00000000000f5798                bootloader_dfu_sd_in_progress
 .text.bootloader_dfu_sd_update_continue
                0x00000000000f57bc       0x4c _build/build-feather_nrf52840_express_s340/bootloader.o
                0x00000000000f57bc                bootloader_dfu_sd_update_continue
 .text.bootloader_dfu_sd_update_finalize
                0x00000000000f5808       0x2c _build/build-feather_nrf52840_express_s340/bootloader.o
                0x00000000000f5808                bootloader_dfu_sd_update_finalize
 .text.bootloader_settings_get
                0x00000000000f5834       0x30 _build/build-feather_nrf52840_express_s340/bootloader.o
                0x00000000000f5834                bootloader_settings_get
 .text.bootloader_util_settings_get
                0x00000000000f5864        0xc _build/build-feather_nrf52840_express_s340/bootloader_settings.o
                0x00000000000f5864                bootloader_util_settings_get
 .text.bootloader_util_reset
                0x00000000000f5870       0x3c _build/build-feather_nrf52840_express_s340/bootloader_util.o
 .text.bootloader_util_app_start
                0x00000000000f58ac        0x4 _build/build-feather_nrf52840_express_s340/bootloader_util.o
                0x00000000000f58ac                bootloader_util_app_start
 .text.rpc_transport_event_handler
                0x00000000000f58b0       0x84 _build/build-feather_nrf52840_express_s340/dfu_transport_serial.o
                0x00000000000f58b0                rpc_transport_event_handler
 .text.dfu_cb_handler
                0x00000000000f5934        0xa _build/build-feather_nrf52840_express_s340/dfu_transport_serial.o
 *fill*         0x00000000000f593e        0x2 
 .text.data_queue_element_free
                0x00000000000f5940       0x38 _build/build-feather_nrf52840_express_s340/dfu_transport_serial.o
 .text.process_dfu_packet
                0x00000000000f5978       0x90 _build/build-feather_nrf52840_express_s340/dfu_transport_serial.o
 .text.dfu_transport_serial_update_start
                0x00000000000f5a08       0x48 _build/build-feather_nrf52840_express_s340/dfu_transport_serial.o
                0x00000000000f5a08                dfu_transport_serial_update_start
 .text.dfu_transport_serial_close
                0x00000000000f5a50       0x22 _build/build-feather_nrf52840_express_s340/dfu_transport_serial.o
                0x00000000000f5a50                dfu_transport_serial_close
 .text.uint32_decode
                0x00000000000f5a72        0x4 _build/build-feather_nrf52840_express_s340/dfu_transport_ble.o
 .text.sd_ble_gap_addr_set
                0x00000000000f5a76        0x4 _build/build-feather_nrf52840_express_s340/dfu_transport_ble.o
 .text.sd_ble_gap_addr_get
                0x00000000000f5a7a        0x4 _build/build-feather_nrf52840_express_s340/dfu_transport_ble.o
 .text.sd_ble_gap_whitelist_set
                0x00000000000f5a7e        0x4 _build/build-feather_nrf52840_express_s340/dfu_transport_ble.o
 .text.sd_ble_gap_device_identities_set
                0x00000000000f5a82        0x4 _build/build-feather_nrf52840_express_s340/dfu_transport_ble.o
 .text.sd_ble_gap_adv_set_configure
                0x00000000000f5a86        0x4 _build/build-feather_nrf52840_express_s340/dfu_transport_ble.o
 .text.sd_ble_gap_adv_start
                0x00000000000f5a8a        0x4 _build/build-feather_nrf52840_express_s340/dfu_transport_ble.o
 .text.sd_ble_gap_adv_stop
                0x00000000000f5a8e        0x4 _build/build-feather_nrf52840_express_s340/dfu_transport_ble.o
 .text.sd_ble_gap_disconnect
                0x00000000000f5a92        0x4 _build/build-feather_nrf52840_express_s340/dfu_transport_ble.o
 .text.sd_ble_gap_tx_power_set
                0x00000000000f5a96        0x4 _build/build-feather_nrf52840_express_s340/dfu_transport_ble.o
 .text.sd_ble_gap_ppcp_set
                0x00000000000f5a9a        0x4 _build/build-feather_nrf52840_express_s340/dfu_transport_ble.o
 .text.sd_ble_gap_device_name_set
                0x00000000000f5a9e        0x4 _build/build-feather_nrf52840_express_s340/dfu_transport_ble.o
 .text.sd_ble_gap_sec_params_reply
                0x00000000000f5aa2        0x4 _build/build-feather_nrf52840_express_s340/dfu_transport_ble.o
 .text.sd_ble_gap_sec_info_reply
                0x00000000000f5aa6        0x4 _build/build-feather_nrf52840_express_s340/dfu_transport_ble.o
 .text.sd_ble_gap_phy_update
                0x00000000000f5aaa        0x4 _build/build-feather_nrf52840_express_s340/dfu_transport_ble.o
 .text.sd_ble_gap_data_length_update
                0x00000000000f5aae        0x4 _build/build-feather_nrf52840_express_s340/dfu_transport_ble.o
 .text.sd_ble_gatts_service_changed
                0x00000000000f5ab2        0x4 _build/build-feather_nrf52840_express_s340/dfu_transport_ble.o
 .text.sd_ble_gatts_rw_authorize_reply
                0x00000000000f5ab6        0x4 _build/build-feather_nrf52840_express_s340/dfu_transport_ble.o
 .text.sd_ble_gatts_sys_attr_set
                0x00000000000f5aba        0x4 _build/build-feather_nrf52840_express_s340/dfu_transport_ble.o
 .text.sd_ble_gatts_sys_attr_get
                0x00000000000f5abe        0x4 _build/build-feather_nrf52840_express_s340/dfu_transport_ble.o
 .text.sd_ble_gatts_exchange_mtu_reply
                0x00000000000f5ac2        0x4 _build/build-feather_nrf52840_express_s340/dfu_transport_ble.o
 .text.sd_ble_uuid_encode
                0x00000000000f5ac6        0x4 _build/build-feather_nrf52840_express_s340/dfu_transport_ble.o
 .text.sd_ble_user_mem_reply
                0x00000000000f5aca        0x4 _build/build-feather_nrf52840_express_s340/dfu_transport_ble.o
 .text.nrf_err_code_translate
                0x00000000000f5ace       0x34 _build/build-feather_nrf52840_express_s340/dfu_transport_ble.o
 .text.service_error_handler
                0x00000000000f5b02        0x4 _build/build-feather_nrf52840_express_s340/dfu_transport_ble.o
 .text.dfu_error_notify
                0x00000000000f5b06       0x20 _build/build-feather_nrf52840_express_s340/dfu_transport_ble.o
 *fill*         0x00000000000f5b26        0x2 
 .text.dfu_cb_handler
                0x00000000000f5b28       0x68 _build/build-feather_nrf52840_express_s340/dfu_transport_ble.o
 .text.advertising_add.constprop.0
                0x00000000000f5b90       0x30 _build/build-feather_nrf52840_express_s340/dfu_transport_ble.o
 .text.advertising_start
                0x00000000000f5bc0      0x16c _build/build-feather_nrf52840_express_s340/dfu_transport_ble.o
 .text.ble_evt_dispatch
                0x00000000000f5d2c      0x2d4 _build/build-feather_nrf52840_express_s340/dfu_transport_ble.o
                0x00000000000f5d2c                ble_evt_dispatch
 .text.dfu_transport_ble_update_start
                0x00000000000f6000      0x154 _build/build-feather_nrf52840_express_s340/dfu_transport_ble.o
                0x00000000000f6000                dfu_transport_ble_update_start
 .text.dfu_transport_ble_close
                0x00000000000f6154       0x50 _build/build-feather_nrf52840_express_s340/dfu_transport_ble.o
                0x00000000000f6154                dfu_transport_ble_close
 .text.on_dfu_evt
                0x00000000000f61a4      0x268 _build/build-feather_nrf52840_express_s340/dfu_transport_ble.o
 .text.sd_mbr_command
                0x00000000000f640c        0x4 _build/build-feather_nrf52840_express_s340/dfu_single_bank.o
 .text.pstorage_callback_handler
                0x00000000000f6410       0x68 _build/build-feather_nrf52840_express_s340/dfu_single_bank.o
 .text.dfu_activate_app
                0x00000000000f6478       0x40 _build/build-feather_nrf52840_express_s340/dfu_single_bank.o
 .text.dfu_activate_bl
                0x00000000000f64b8       0x3c _build/build-feather_nrf52840_express_s340/dfu_single_bank.o
 .text.dfu_activate_sd
                0x00000000000f64f4       0x54 _build/build-feather_nrf52840_express_s340/dfu_single_bank.o
 .text.dfu_cleared_func_app
                0x00000000000f6548       0x26 _build/build-feather_nrf52840_express_s340/dfu_single_bank.o
 *fill*         0x00000000000f656e        0x2 
 .text.dfu_prepare_func_app_erase
                0x00000000000f6570       0x7c _build/build-feather_nrf52840_express_s340/dfu_single_bank.o
 .text.dfu_sd_img_block_swap
                0x00000000000f65ec       0x5c _build/build-feather_nrf52840_express_s340/dfu_single_bank.o
 .text.dfu_init
                0x00000000000f6648       0x64 _build/build-feather_nrf52840_express_s340/dfu_single_bank.o
                0x00000000000f6648                dfu_init
 .text.dfu_register_callback
                0x00000000000f66ac        0xc _build/build-feather_nrf52840_express_s340/dfu_single_bank.o
                0x00000000000f66ac                dfu_register_callback
 .text.dfu_start_pkt_handle
                0x00000000000f66b8       0xb4 _build/build-feather_nrf52840_express_s340/dfu_single_bank.o
                0x00000000000f66b8                dfu_start_pkt_handle
 .text.dfu_data_pkt_handle
                0x00000000000f676c       0xd8 _build/build-feather_nrf52840_express_s340/dfu_single_bank.o
                0x00000000000f676c                dfu_data_pkt_handle
 .text.dfu_init_pkt_complete
                0x00000000000f6844       0x44 _build/build-feather_nrf52840_express_s340/dfu_single_bank.o
                0x00000000000f6844                dfu_init_pkt_complete
 .text.dfu_init_pkt_handle
                0x00000000000f6888       0x58 _build/build-feather_nrf52840_express_s340/dfu_single_bank.o
                0x00000000000f6888                dfu_init_pkt_handle
 .text.dfu_image_validate
                0x00000000000f68e0       0x40 _build/build-feather_nrf52840_express_s340/dfu_single_bank.o
                0x00000000000f68e0                dfu_image_validate
 .text.dfu_image_activate
                0x00000000000f6920       0x1c _build/build-feather_nrf52840_express_s340/dfu_single_bank.o
                0x00000000000f6920                dfu_image_activate
 .text.dfu_reset
                0x00000000000f693c       0x1c _build/build-feather_nrf52840_express_s340/dfu_single_bank.o
                0x00000000000f693c                dfu_reset
 .text.dfu_sd_image_swap
                0x00000000000f6958       0x98 _build/build-feather_nrf52840_express_s340/dfu_single_bank.o
                0x00000000000f6958                dfu_sd_image_swap
 .text.dfu_bl_image_swap
                0x00000000000f69f0       0x48 _build/build-feather_nrf52840_express_s340/dfu_single_bank.o
                0x00000000000f69f0                dfu_bl_image_swap
 .text.dfu_bl_image_validate
                0x00000000000f6a38       0x4c _build/build-feather_nrf52840_express_s340/dfu_single_bank.o
                0x00000000000f6a38                dfu_bl_image_validate
 .text.dfu_sd_image_validate
                0x00000000000f6a84       0x64 _build/build-feather_nrf52840_express_s340/dfu_single_bank.o
                0x00000000000f6a84                dfu_sd_image_validate
 .text.sd_ble_gatts_service_add
                0x00000000000f6ae8        0x4 _build/build-feather_nrf52840_express_s340/ble_dfu.o
 .text.sd_ble_gatts_characteristic_add
                0x00000000000f6aec        0x4 _build/build-feather_nrf52840_express_s340/ble_dfu.o
 .text.sd_ble_gatts_value_get
                0x00000000000f6af0        0x4 _build/build-feather_nrf52840_express_s340/ble_dfu.o
 .text.sd_ble_gatts_hvx
                0x00000000000f6af4        0x4 _build/build-feather_nrf52840_express_s340/ble_dfu.o
 .text.sd_ble_gatts_rw_authorize_reply
                0x00000000000f6af8        0x4 _build/build-feather_nrf52840_express_s340/ble_dfu.o
 .text.sd_ble_uuid_vs_add
                0x00000000000f6afc        0x4 _build/build-feather_nrf52840_express_s340/ble_dfu.o
 .text.ble_dfu_init
                0x00000000000f6b00      0x220 _build/build-feather_nrf52840_express_s340/ble_dfu.o
                0x00000000000f6b00                ble_dfu_init
 .text.ble_dfu_bytes_rcvd_report
                0x00000000000f6d20       0x78 _build/build-feather_nrf52840_express_s340/ble_dfu.o
                0x00000000000f6d20                ble_dfu_bytes_rcvd_report
 .text.ble_dfu_pkts_rcpt_notify
                0x00000000000f6d98       0x74 _build/build-feather_nrf52840_express_s340/ble_dfu.o
                0x00000000000f6d98                ble_dfu_pkts_rcpt_notify
 .text.ble_dfu_response_send
                0x00000000000f6e0c       0x68 _build/build-feather_nrf52840_express_s340/ble_dfu.o
                0x00000000000f6e0c                ble_dfu_response_send
 .text.ble_dfu_on_ble_evt
                0x00000000000f6e74      0x174 _build/build-feather_nrf52840_express_s340/ble_dfu.o
                0x00000000000f6e74                ble_dfu_on_ble_evt
 .text.sd_ble_gatts_service_add
                0x00000000000f6fe8        0x4 _build/build-feather_nrf52840_express_s340/ble_dis.o
 .text.sd_ble_gatts_characteristic_add
                0x00000000000f6fec        0x4 _build/build-feather_nrf52840_express_s340/ble_dis.o
 .text.char_add
                0x00000000000f6ff0       0xac _build/build-feather_nrf52840_express_s340/ble_dis.o
 .text.ble_dis_init
                0x00000000000f709c       0xcc _build/build-feather_nrf52840_express_s340/ble_dis.o
                0x00000000000f709c                ble_dis_init
 .text.sd_flash_write
                0x00000000000f7168        0x4 _build/build-feather_nrf52840_express_s340/pstorage_raw.o
 .text.sd_flash_page_erase
                0x00000000000f716c        0x4 _build/build-feather_nrf52840_express_s340/pstorage_raw.o
 .text.cmd_queue_element_init
                0x00000000000f7170       0x20 _build/build-feather_nrf52840_express_s340/pstorage_raw.o
 .text.app_notify
                0x00000000000f7190       0x24 _build/build-feather_nrf52840_express_s340/pstorage_raw.o
 .text.cmd_process
                0x00000000000f71b4       0x70 _build/build-feather_nrf52840_express_s340/pstorage_raw.o
 .text.cmd_queue_enqueue
                0x00000000000f7224       0x54 _build/build-feather_nrf52840_express_s340/pstorage_raw.o
 .text.pstorage_sys_event_handler
                0x00000000000f7278       0x98 _build/build-feather_nrf52840_express_s340/pstorage_raw.o
                0x00000000000f7278                pstorage_sys_event_handler
 .text.pstorage_init
                0x00000000000f7310       0x3c _build/build-feather_nrf52840_express_s340/pstorage_raw.o
                0x00000000000f7310                pstorage_init
 .text.pstorage_register
                0x00000000000f734c       0x24 _build/build-feather_nrf52840_express_s340/pstorage_raw.o
                0x00000000000f734c                pstorage_register
 .text.pstorage_store
                0x00000000000f7370       0x20 _build/build-feather_nrf52840_express_s340/pstorage_raw.o
                0x00000000000f7370                pstorage_store
 .text.pstorage_clear
                0x00000000000f7390       0x16 _build/build-feather_nrf52840_express_s340/pstorage_raw.o
                0x00000000000f7390                pstorage_clear
 *fill*         0x00000000000f73a6        0x2 
 .text.user_op_alloc
                0x00000000000f73a8       0x2c _build/build-feather_nrf52840_express_s340/app_timer.o
 .text.timeout_handler_scheduled_exec
                0x00000000000f73d4       0x18 _build/build-feather_nrf52840_express_s340/app_timer.o
 .text.timer_stop_op_schedule
                0x00000000000f73ec       0x50 _build/build-feather_nrf52840_express_s340/app_timer.o
 .text.nrf_delay_us.part.0.constprop.0
                0x00000000000f743c       0x8c _build/build-feather_nrf52840_express_s340/app_timer.o
 .text.rtc1_stop
                0x00000000000f74c8       0x44 _build/build-feather_nrf52840_express_s340/app_timer.o
 .text.RTC1_IRQHandler
                0x00000000000f750c       0xbc _build/build-feather_nrf52840_express_s340/app_timer.o
                0x00000000000f750c                RTC1_IRQHandler
 .text.SWI0_EGU0_IRQHandler
                0x00000000000f75c8      0x2d4 _build/build-feather_nrf52840_express_s340/app_timer.o
                0x00000000000f75c8                SWI0_EGU0_IRQHandler
 .text.app_timer_init
                0x00000000000f789c       0x60 _build/build-feather_nrf52840_express_s340/app_timer.o
                0x00000000000f789c                app_timer_init
 .text.app_timer_create
                0x00000000000f78fc       0x24 _build/build-feather_nrf52840_express_s340/app_timer.o
                0x00000000000f78fc                app_timer_create
 .text.app_timer_start
                0x00000000000f7920       0x90 _build/build-feather_nrf52840_express_s340/app_timer.o
                0x00000000000f7920                app_timer_start
 .text.app_timer_stop
                0x00000000000f79b0       0x20 _build/build-feather_nrf52840_express_s340/app_timer.o
                0x00000000000f79b0                app_timer_stop
 .text.app_sched_init
                0x00000000000f79d0       0x48 _build/build-feather_nrf52840_express_s340/app_scheduler.o
                0x00000000000f79d0                app_sched_init
 .text.app_sched_event_put
                0x00000000000f7a18       0xd0 _build/build-feather_nrf52840_express_s340/app_scheduler.o
                0x00000000000f7a18                app_sched_event_put
 .text.app_sched_execute
                0x00000000000f7ae8       0x5c _build/build-feather_nrf52840_express_s340/app_scheduler.o
                0x00000000000f7ae8                app_sched_execute
 .text.app_error_handler_bare
                0x00000000000f7b44       0x1c _build/build-feather_nrf52840_express_s340/app_error.o
                0x00000000000f7b44                app_error_handler_bare
 .text.app_util_critical_region_enter
                0x00000000000f7b60       0x48 _build/build-feather_nrf52840_express_s340/app_util_platform.o
                0x00000000000f7b60                app_util_critical_region_enter
 .text.app_util_critical_region_exit
                0x00000000000f7ba8       0x2c _build/build-feather_nrf52840_express_s340/app_util_platform.o
                0x00000000000f7ba8                app_util_critical_region_exit
 .text.crc16_compute
                0x00000000000f7bd4       0x36 _build/build-feather_nrf52840_express_s340/crc16.o
                0x00000000000f7bd4                crc16_compute
 *fill*         0x00000000000f7c0a        0x2 
 .text.hci_mem_pool_open
                0x00000000000f7c0c       0x28 _build/build-feather_nrf52840_express_s340/hci_mem_pool.o
                0x00000000000f7c0c                hci_mem_pool_open
 .text.hci_mem_pool_close
                0x00000000000f7c34        0x4 _build/build-feather_nrf52840_express_s340/hci_mem_pool.o
                0x00000000000f7c34                hci_mem_pool_close
 .text.hci_mem_pool_rx_produce
                0x00000000000f7c38       0x54 _build/build-feather_nrf52840_express_s340/hci_mem_pool.o
                0x00000000000f7c38                hci_mem_pool_rx_produce
 .text.hci_mem_pool_rx_consume
                0x00000000000f7c8c       0x78 _build/build-feather_nrf52840_express_s340/hci_mem_pool.o
                0x00000000000f7c8c                hci_mem_pool_rx_consume
 .text.hci_mem_pool_rx_data_size_set
                0x00000000000f7d04       0x20 _build/build-feather_nrf52840_express_s340/hci_mem_pool.o
                0x00000000000f7d04                hci_mem_pool_rx_data_size_set
 .text.hci_mem_pool_rx_extract
                0x00000000000f7d24       0x44 _build/build-feather_nrf52840_express_s340/hci_mem_pool.o
                0x00000000000f7d24                hci_mem_pool_rx_extract
 .text.handle_slip_end
                0x00000000000f7d68       0x40 _build/build-feather_nrf52840_express_s340/hci_slip.o
 .text.handle_rx_byte_esc
                0x00000000000f7da8       0x5c _build/build-feather_nrf52840_express_s340/hci_slip.o
 .text.handle_rx_byte_wait_start
                0x00000000000f7e04       0x14 _build/build-feather_nrf52840_express_s340/hci_slip.o
 .text.handle_rx_byte_default
                0x00000000000f7e18       0x40 _build/build-feather_nrf52840_express_s340/hci_slip.o
 .text.serial_put
                0x00000000000f7e58       0x20 _build/build-feather_nrf52840_express_s340/hci_slip.o
 .text.send_tx_byte_default
                0x00000000000f7e78       0x24 _build/build-feather_nrf52840_express_s340/hci_slip.o
 .text.send_tx_byte_end
                0x00000000000f7e9c       0x24 _build/build-feather_nrf52840_express_s340/hci_slip.o
 .text.send_tx_byte_esc
                0x00000000000f7ec0       0x1c _build/build-feather_nrf52840_express_s340/hci_slip.o
 .text.send_tx_byte_encoded
                0x00000000000f7edc       0x44 _build/build-feather_nrf52840_express_s340/hci_slip.o
 .text.tud_cdc_rx_cb
                0x00000000000f7f20       0x78 _build/build-feather_nrf52840_express_s340/hci_slip.o
                0x00000000000f7f20                tud_cdc_rx_cb
 .text.hci_slip_evt_handler_register
                0x00000000000f7f98        0xc _build/build-feather_nrf52840_express_s340/hci_slip.o
                0x00000000000f7f98                hci_slip_evt_handler_register
 .text.hci_slip_open
                0x00000000000f7fa4       0x14 _build/build-feather_nrf52840_express_s340/hci_slip.o
                0x00000000000f7fa4                hci_slip_open
 .text.hci_slip_close
                0x00000000000f7fb8        0xc _build/build-feather_nrf52840_express_s340/hci_slip.o
                0x00000000000f7fb8                hci_slip_close
 .text.hci_slip_write
                0x00000000000f7fc4       0xd8 _build/build-feather_nrf52840_express_s340/hci_slip.o
                0x00000000000f7fc4                hci_slip_write
 .text.hci_slip_rx_buffer_register
                0x00000000000f809c       0x2c _build/build-feather_nrf52840_express_s340/hci_slip.o
                0x00000000000f809c                hci_slip_rx_buffer_register
 .text.ack_transmit
                0x00000000000f80c8       0x24 _build/build-feather_nrf52840_express_s340/hci_transport.o
 .text.tx_sm_event_handle
                0x00000000000f80ec       0xd0 _build/build-feather_nrf52840_express_s340/hci_transport.o
 .text.slip_event_handle
                0x00000000000f81bc      0x198 _build/build-feather_nrf52840_express_s340/hci_transport.o
                0x00000000000f81bc                slip_event_handle
 .text.hci_transport_timeout_handle
                0x00000000000f8354        0x6 _build/build-feather_nrf52840_express_s340/hci_transport.o
                0x00000000000f8354                hci_transport_timeout_handle
 *fill*         0x00000000000f835a        0x2 
 .text.hci_transport_evt_handler_reg
                0x00000000000f835c       0x28 _build/build-feather_nrf52840_express_s340/hci_transport.o
                0x00000000000f835c                hci_transport_evt_handler_reg
 .text.hci_transport_open
                0x00000000000f8384       0x90 _build/build-feather_nrf52840_express_s340/hci_transport.o
                0x00000000000f8384                hci_transport_open
 .text.hci_transport_close
                0x00000000000f8414       0x40 _build/build-feather_nrf52840_express_s340/hci_transport.o
                0x00000000000f8414                hci_transport_close
 .text.hci_transport_rx_pkt_extract
                0x00000000000f8454       0x38 _build/build-feather_nrf52840_express_s340/hci_transport.o
                0x00000000000f8454                hci_transport_rx_pkt_extract
 .text.hci_transport_rx_pkt_consume
                0x00000000000f848c        0x6 _build/build-feather_nrf52840_express_s340/hci_transport.o
                0x00000000000f848c                hci_transport_rx_pkt_consume
 .text.sd_mbr_command
                0x00000000000f8492        0x4 _build/build-feather_nrf52840_express_s340/msc_uf2.o
 *fill*         0x00000000000f8496        0x2 
 .text.tud_msc_inquiry_cb
                0x00000000000f8498       0x68 _build/build-feather_nrf52840_express_s340/msc_uf2.o
                0x00000000000f8498                tud_msc_inquiry_cb
 .text.tud_msc_test_unit_ready_cb
                0x00000000000f8500        0x4 _build/build-feather_nrf52840_express_s340/msc_uf2.o
                0x00000000000f8500                tud_msc_test_unit_ready_cb
 .text.tud_msc_scsi_cb
                0x00000000000f8504       0x24 _build/build-feather_nrf52840_express_s340/msc_uf2.o
                0x00000000000f8504                tud_msc_scsi_cb
 .text.tud_msc_read10_cb
                0x00000000000f8528       0x42 _build/build-feather_nrf52840_express_s340/msc_uf2.o
                0x00000000000f8528                tud_msc_read10_cb
 *fill*         0x00000000000f856a        0x2 
 .text.tud_msc_write10_cb
                0x00000000000f856c       0x30 _build/build-feather_nrf52840_express_s340/msc_uf2.o
                0x00000000000f856c                tud_msc_write10_cb
 .text.tud_msc_write10_complete_cb
                0x00000000000f859c       0xa4 _build/build-feather_nrf52840_express_s340/msc_uf2.o
                0x00000000000f859c                tud_msc_write10_complete_cb
 .text.tud_msc_capacity_cb
                0x00000000000f8640       0x10 _build/build-feather_nrf52840_express_s340/msc_uf2.o
                0x00000000000f8640                tud_msc_capacity_cb
 .text.tud_msc_start_stop_cb
                0x00000000000f8650        0x4 _build/build-feather_nrf52840_express_s340/msc_uf2.o
                0x00000000000f8650                tud_msc_start_stop_cb
 .text.tud_descriptor_device_cb
                0x00000000000f8654        0x8 _build/build-feather_nrf52840_express_s340/usb_desc.o
                0x00000000000f8654                tud_descriptor_device_cb
 .text.tud_descriptor_configuration_cb
                0x00000000000f865c       0x20 _build/build-feather_nrf52840_express_s340/usb_desc.o
                0x00000000000f865c                tud_descriptor_configuration_cb
 .text.usb_desc_init
                0x00000000000f867c       0x98 _build/build-feather_nrf52840_express_s340/usb_desc.o
                0x00000000000f867c                usb_desc_init
 .text.tud_descriptor_string_cb
                0x00000000000f8714       0x60 _build/build-feather_nrf52840_express_s340/usb_desc.o
                0x00000000000f8714                tud_descriptor_string_cb
 .text.sd_power_usbpwrrdy_enable
                0x00000000000f8774        0x4 _build/build-feather_nrf52840_express_s340/usb.o
 .text.sd_power_usbdetected_enable
                0x00000000000f8778        0x4 _build/build-feather_nrf52840_express_s340/usb.o
 .text.sd_power_usbremoved_enable
                0x00000000000f877c        0x4 _build/build-feather_nrf52840_express_s340/usb.o
 .text.sd_power_usbregstatus_get
                0x00000000000f8780        0x4 _build/build-feather_nrf52840_express_s340/usb.o
 .text.sd_softdevice_is_enabled
                0x00000000000f8784        0x4 _build/build-feather_nrf52840_express_s340/usb.o
 .text.power_event_handler
                0x00000000000f8788        0x4 _build/build-feather_nrf52840_express_s340/usb.o
 .text.USBD_IRQHandler
                0x00000000000f878c        0x6 _build/build-feather_nrf52840_express_s340/usb.o
                0x00000000000f878c                USBD_IRQHandler
 *fill*         0x00000000000f8792        0x2 
 .text.usb_init
                0x00000000000f8794       0xa0 _build/build-feather_nrf52840_express_s340/usb.o
                0x00000000000f8794                usb_init
 .text.usb_teardown
                0x00000000000f8834        0x6 _build/build-feather_nrf52840_express_s340/usb.o
                0x00000000000f8834                usb_teardown
 .text.tud_mount_cb
                0x00000000000f883a        0x6 _build/build-feather_nrf52840_express_s340/usb.o
                0x00000000000f883a                tud_mount_cb
 .text.tud_umount_cb
                0x00000000000f8840        0x6 _build/build-feather_nrf52840_express_s340/usb.o
                0x00000000000f8840                tud_umount_cb
 *fill*         0x00000000000f8846        0x2 
 .text.uf2_init
                0x00000000000f8848       0xe4 _build/build-feather_nrf52840_express_s340/ghostfat.o
                0x00000000000f8848                uf2_init
 .text.padded_memcpy
                0x00000000000f892c       0x1c _build/build-feather_nrf52840_express_s340/ghostfat.o
                0x00000000000f892c                padded_memcpy
 .text.read_block
                0x00000000000f8948      0x1a4 _build/build-feather_nrf52840_express_s340/ghostfat.o
                0x00000000000f8948                read_block
 .text.write_block
                0x00000000000f8aec      0x1b0 _build/build-feather_nrf52840_express_s340/ghostfat.o
                0x00000000000f8aec                write_block
 .text.nrfx_usbd_errata_187
                0x00000000000f8c9c       0x20 _build/build-feather_nrf52840_express_s340/dcd_nrf5x.o
 .text.start_dma
                0x00000000000f8cbc       0x30 _build/build-feather_nrf52840_express_s340/dcd_nrf5x.o
 .text.sd_clock_hfclk_request
                0x00000000000f8cec        0x4 _build/build-feather_nrf52840_express_s340/dcd_nrf5x.o
 .text.sd_clock_hfclk_release
                0x00000000000f8cf0        0x4 _build/build-feather_nrf52840_express_s340/dcd_nrf5x.o
 .text.sd_clock_hfclk_is_running
                0x00000000000f8cf4        0x4 _build/build-feather_nrf52840_express_s340/dcd_nrf5x.o
 .text.sd_softdevice_is_enabled
                0x00000000000f8cf8        0x4 _build/build-feather_nrf52840_express_s340/dcd_nrf5x.o
 .text.edpt_dma_start
                0x00000000000f8cfc       0x60 _build/build-feather_nrf52840_express_s340/dcd_nrf5x.o
 .text.xact_in_dma
                0x00000000000f8d5c       0x40 _build/build-feather_nrf52840_express_s340/dcd_nrf5x.o
 .text.is_sd_enabled
                0x00000000000f8d9c       0x30 _build/build-feather_nrf52840_express_s340/dcd_nrf5x.o
 .text.hfclk_running
                0x00000000000f8dcc       0x36 _build/build-feather_nrf52840_express_s340/dcd_nrf5x.o
 *fill*         0x00000000000f8e02        0x2 
 .text.xact_out_dma.part.0
                0x00000000000f8e04       0x2c _build/build-feather_nrf52840_express_s340/dcd_nrf5x.o
 .text.xact_out_dma
                0x00000000000f8e30       0x58 _build/build-feather_nrf52840_express_s340/dcd_nrf5x.o
 .text.dcd_init
                0x00000000000f8e88        0x2 _build/build-feather_nrf52840_express_s340/dcd_nrf5x.o
                0x00000000000f8e88                dcd_init
 *fill*         0x00000000000f8e8a        0x2 
 .text.dcd_int_enable
                0x00000000000f8e8c        0xc _build/build-feather_nrf52840_express_s340/dcd_nrf5x.o
                0x00000000000f8e8c                dcd_int_enable
 .text.dcd_int_disable
                0x00000000000f8e98       0x10 _build/build-feather_nrf52840_express_s340/dcd_nrf5x.o
                0x00000000000f8e98                dcd_int_disable
 .text.dcd_set_address
                0x00000000000f8ea8       0x24 _build/build-feather_nrf52840_express_s340/dcd_nrf5x.o
                0x00000000000f8ea8                dcd_set_address
 .text.dcd_edpt_open
                0x00000000000f8ecc      0x114 _build/build-feather_nrf52840_express_s340/dcd_nrf5x.o
                0x00000000000f8ecc                dcd_edpt_open
 .text.dcd_edpt_close_all
                0x00000000000f8fe0       0x8c _build/build-feather_nrf52840_express_s340/dcd_nrf5x.o
                0x00000000000f8fe0                dcd_edpt_close_all
 .text.dcd_edpt_xfer
                0x00000000000f906c       0x9c _build/build-feather_nrf52840_express_s340/dcd_nrf5x.o
                0x00000000000f906c                dcd_edpt_xfer
 .text.dcd_edpt_stall
                0x00000000000f9108       0x48 _build/build-feather_nrf52840_express_s340/dcd_nrf5x.o
                0x00000000000f9108                dcd_edpt_stall
 .text.dcd_edpt_clear_stall
                0x00000000000f9150       0x34 _build/build-feather_nrf52840_express_s340/dcd_nrf5x.o
                0x00000000000f9150                dcd_edpt_clear_stall
 .text.bus_reset
                0x00000000000f9184       0x6c _build/build-feather_nrf52840_express_s340/dcd_nrf5x.o
                0x00000000000f9184                bus_reset
 .text.dcd_int_handler
                0x00000000000f91f0      0x324 _build/build-feather_nrf52840_express_s340/dcd_nrf5x.o
                0x00000000000f91f0                dcd_int_handler
 .text.tusb_hal_nrf_power_event
                0x00000000000f9514      0x204 _build/build-feather_nrf52840_express_s340/dcd_nrf5x.o
                0x00000000000f9514                tusb_hal_nrf_power_event
 .text.advance_pointer
                0x00000000000f9718       0x18 _build/build-feather_nrf52840_express_s340/tusb_fifo.o
 .text._tu_fifo_correct_read_pointer
                0x00000000000f9730       0x1e _build/build-feather_nrf52840_express_s340/tusb_fifo.o
 .text._ff_pull_const_addr
                0x00000000000f974e       0x2e _build/build-feather_nrf52840_express_s340/tusb_fifo.o
 .text._tu_fifo_peek_n
                0x00000000000f977c      0x122 _build/build-feather_nrf52840_express_s340/tusb_fifo.o
 .text._ff_push_const_addr
                0x00000000000f989e       0x28 _build/build-feather_nrf52840_express_s340/tusb_fifo.o
 .text._tu_fifo_peek
                0x00000000000f98c6       0x4c _build/build-feather_nrf52840_express_s340/tusb_fifo.o
 .text._tu_fifo_write_n.part.0
                0x00000000000f9912      0x12a _build/build-feather_nrf52840_express_s340/tusb_fifo.o
 .text.tu_fifo_config
                0x00000000000f9a3c       0x2c _build/build-feather_nrf52840_express_s340/tusb_fifo.o
                0x00000000000f9a3c                tu_fifo_config
 .text.tu_fifo_count
                0x00000000000f9a68       0x24 _build/build-feather_nrf52840_express_s340/tusb_fifo.o
                0x00000000000f9a68                tu_fifo_count
 .text.tu_fifo_empty
                0x00000000000f9a8c       0x10 _build/build-feather_nrf52840_express_s340/tusb_fifo.o
                0x00000000000f9a8c                tu_fifo_empty
 .text.tu_fifo_remaining
                0x00000000000f9a9c       0x24 _build/build-feather_nrf52840_express_s340/tusb_fifo.o
                0x00000000000f9a9c                tu_fifo_remaining
 .text.tu_fifo_read
                0x00000000000f9ac0       0x24 _build/build-feather_nrf52840_express_s340/tusb_fifo.o
                0x00000000000f9ac0                tu_fifo_read
 .text.tu_fifo_read_n
                0x00000000000f9ae4       0x2c _build/build-feather_nrf52840_express_s340/tusb_fifo.o
                0x00000000000f9ae4                tu_fifo_read_n
 .text.tu_fifo_write
                0x00000000000f9b10       0x54 _build/build-feather_nrf52840_express_s340/tusb_fifo.o
                0x00000000000f9b10                tu_fifo_write
 .text.tu_fifo_write_n
                0x00000000000f9b64        0xc _build/build-feather_nrf52840_express_s340/tusb_fifo.o
                0x00000000000f9b64                tu_fifo_write_n
 .text.tu_fifo_clear
                0x00000000000f9b70       0x18 _build/build-feather_nrf52840_express_s340/tusb_fifo.o
                0x00000000000f9b70                tu_fifo_clear
 .text.tu_fifo_set_overwritable
                0x00000000000f9b88        0x6 _build/build-feather_nrf52840_express_s340/tusb_fifo.o
                0x00000000000f9b88                tu_fifo_set_overwritable
 *fill*         0x00000000000f9b8e        0x2 
 .text.get_driver
                0x00000000000f9b90       0x40 _build/build-feather_nrf52840_express_s340/usbd.o
 .text.configuration_reset
                0x00000000000f9bd0       0x54 _build/build-feather_nrf52840_express_s340/usbd.o
 .text.invoke_class_control
                0x00000000000f9c24       0x1e _build/build-feather_nrf52840_express_s340/usbd.o
 .text.osal_queue_send.isra.0
                0x00000000000f9c42       0x42 _build/build-feather_nrf52840_express_s340/usbd.o
 .text.tud_mounted
                0x00000000000f9c84       0x10 _build/build-feather_nrf52840_express_s340/usbd.o
                0x00000000000f9c84                tud_mounted
 .text.tud_suspended
                0x00000000000f9c94       0x10 _build/build-feather_nrf52840_express_s340/usbd.o
                0x00000000000f9c94                tud_suspended
 .text.tud_inited
                0x00000000000f9ca4        0xc _build/build-feather_nrf52840_express_s340/usbd.o
                0x00000000000f9ca4                tud_inited
 .text.tud_init
                0x00000000000f9cb0       0x78 _build/build-feather_nrf52840_express_s340/usbd.o
                0x00000000000f9cb0                tud_init
 .text.dcd_event_handler
                0x00000000000f9d28       0xa0 _build/build-feather_nrf52840_express_s340/usbd.o
                0x00000000000f9d28                dcd_event_handler
 .text.dcd_event_bus_signal
                0x00000000000f9dc8       0x20 _build/build-feather_nrf52840_express_s340/usbd.o
                0x00000000000f9dc8                dcd_event_bus_signal
 .text.dcd_event_bus_reset
                0x00000000000f9de8       0x26 _build/build-feather_nrf52840_express_s340/usbd.o
                0x00000000000f9de8                dcd_event_bus_reset
 .text.dcd_event_setup_received
                0x00000000000f9e0e       0x2c _build/build-feather_nrf52840_express_s340/usbd.o
                0x00000000000f9e0e                dcd_event_setup_received
 .text.dcd_event_xfer_complete
                0x00000000000f9e3a       0x2a _build/build-feather_nrf52840_express_s340/usbd.o
                0x00000000000f9e3a                dcd_event_xfer_complete
 .text.usbd_defer_func
                0x00000000000f9e64       0x1a _build/build-feather_nrf52840_express_s340/usbd.o
                0x00000000000f9e64                usbd_defer_func
 *fill*         0x00000000000f9e7e        0x2 
 .text.usbd_edpt_open
                0x00000000000f9e80       0x40 _build/build-feather_nrf52840_express_s340/usbd.o
                0x00000000000f9e80                usbd_edpt_open
 .text.usbd_open_edpt_pair
                0x00000000000f9ec0       0x6c _build/build-feather_nrf52840_express_s340/usbd.o
                0x00000000000f9ec0                usbd_open_edpt_pair
 .text.usbd_edpt_claim
                0x00000000000f9f2c       0x34 _build/build-feather_nrf52840_express_s340/usbd.o
                0x00000000000f9f2c                usbd_edpt_claim
 .text.usbd_edpt_release
                0x00000000000f9f60       0x34 _build/build-feather_nrf52840_express_s340/usbd.o
                0x00000000000f9f60                usbd_edpt_release
 .text.usbd_edpt_xfer
                0x00000000000f9f94       0x60 _build/build-feather_nrf52840_express_s340/usbd.o
                0x00000000000f9f94                usbd_edpt_xfer
 .text.usbd_edpt_busy
                0x00000000000f9ff4       0x1c _build/build-feather_nrf52840_express_s340/usbd.o
                0x00000000000f9ff4                usbd_edpt_busy
 .text.usbd_edpt_stall
                0x00000000000fa010       0x34 _build/build-feather_nrf52840_express_s340/usbd.o
                0x00000000000fa010                usbd_edpt_stall
 .text.usbd_edpt_clear_stall
                0x00000000000fa044       0x34 _build/build-feather_nrf52840_express_s340/usbd.o
                0x00000000000fa044                usbd_edpt_clear_stall
 .text.usbd_edpt_stalled
                0x00000000000fa078       0x1c _build/build-feather_nrf52840_express_s340/usbd.o
                0x00000000000fa078                usbd_edpt_stalled
 .text.tud_task
                0x00000000000fa094      0x5dc _build/build-feather_nrf52840_express_s340/usbd.o
                0x00000000000fa094                tud_task
 .text._data_stage_xact
                0x00000000000fa670       0x5c _build/build-feather_nrf52840_express_s340/usbd_control.o
 .text._status_stage_xact.isra.0
                0x00000000000fa6cc       0x14 _build/build-feather_nrf52840_express_s340/usbd_control.o
 .text.tud_control_status
                0x00000000000fa6e0       0x24 _build/build-feather_nrf52840_express_s340/usbd_control.o
                0x00000000000fa6e0                tud_control_status
 .text.tud_control_xfer
                0x00000000000fa704       0x68 _build/build-feather_nrf52840_express_s340/usbd_control.o
                0x00000000000fa704                tud_control_xfer
 .text.usbd_control_reset
                0x00000000000fa76c       0x10 _build/build-feather_nrf52840_express_s340/usbd_control.o
                0x00000000000fa76c                usbd_control_reset
 .text.usbd_control_set_complete_callback
                0x00000000000fa77c        0xc _build/build-feather_nrf52840_express_s340/usbd_control.o
                0x00000000000fa77c                usbd_control_set_complete_callback
 .text.usbd_control_set_request
                0x00000000000fa788       0x1c _build/build-feather_nrf52840_express_s340/usbd_control.o
                0x00000000000fa788                usbd_control_set_request
 .text.usbd_control_xfer_cb
                0x00000000000fa7a4       0xc4 _build/build-feather_nrf52840_express_s340/usbd_control.o
                0x00000000000fa7a4                usbd_control_xfer_cb
 .text._prep_out_transaction.isra.0
                0x00000000000fa868       0x44 _build/build-feather_nrf52840_express_s340/cdc_device.o
 .text.tud_cdc_n_available
                0x00000000000fa8ac       0x18 _build/build-feather_nrf52840_express_s340/cdc_device.o
                0x00000000000fa8ac                tud_cdc_n_available
 .text.tud_cdc_n_read
                0x00000000000fa8c4       0x28 _build/build-feather_nrf52840_express_s340/cdc_device.o
                0x00000000000fa8c4                tud_cdc_n_read
 .text.tud_cdc_n_write_flush
                0x00000000000fa8ec       0x80 _build/build-feather_nrf52840_express_s340/cdc_device.o
                0x00000000000fa8ec                tud_cdc_n_write_flush
 .text.tud_cdc_n_write
                0x00000000000fa96c       0x34 _build/build-feather_nrf52840_express_s340/cdc_device.o
                0x00000000000fa96c                tud_cdc_n_write
 .text.cdcd_init
                0x00000000000fa9a0       0x58 _build/build-feather_nrf52840_express_s340/cdc_device.o
                0x00000000000fa9a0                cdcd_init
 .text.cdcd_reset
                0x00000000000fa9f8       0x30 _build/build-feather_nrf52840_express_s340/cdc_device.o
                0x00000000000fa9f8                cdcd_reset
 .text.cdcd_open
                0x00000000000faa28       0xa4 _build/build-feather_nrf52840_express_s340/cdc_device.o
                0x00000000000faa28                cdcd_open
 .text.cdcd_control_xfer_cb
                0x00000000000faacc       0xb8 _build/build-feather_nrf52840_express_s340/cdc_device.o
                0x00000000000faacc                cdcd_control_xfer_cb
 .text.cdcd_xfer_cb
                0x00000000000fab84       0xfc _build/build-feather_nrf52840_express_s340/cdc_device.o
                0x00000000000fab84                cdcd_xfer_cb
 .text.fail_scsi_op.constprop.0
                0x00000000000fac80       0x48 _build/build-feather_nrf52840_express_s340/msc_device.o
 .text.proc_write10_cmd.constprop.0
                0x00000000000facc8       0x64 _build/build-feather_nrf52840_express_s340/msc_device.o
 .text.proc_read10_cmd.constprop.0
                0x00000000000fad2c       0x98 _build/build-feather_nrf52840_express_s340/msc_device.o
 .text.rdwr10_validate_cmd
                0x00000000000fadc4       0x3e _build/build-feather_nrf52840_express_s340/msc_device.o
                0x00000000000fadc4                rdwr10_validate_cmd
 *fill*         0x00000000000fae02        0x2 
 .text.tud_msc_set_sense
                0x00000000000fae04       0x18 _build/build-feather_nrf52840_express_s340/msc_device.o
                0x00000000000fae04                tud_msc_set_sense
 .text.mscd_init
                0x00000000000fae1c       0x10 _build/build-feather_nrf52840_express_s340/msc_device.o
                0x00000000000fae1c                mscd_init
 .text.mscd_reset
                0x00000000000fae2c       0x10 _build/build-feather_nrf52840_express_s340/msc_device.o
                0x00000000000fae2c                mscd_reset
 .text.mscd_open
                0x00000000000fae3c       0x90 _build/build-feather_nrf52840_express_s340/msc_device.o
                0x00000000000fae3c                mscd_open
 .text.mscd_control_xfer_cb
                0x00000000000faecc      0x11c _build/build-feather_nrf52840_express_s340/msc_device.o
                0x00000000000faecc                mscd_control_xfer_cb
 .text.mscd_xfer_cb
                0x00000000000fafe8      0x4c0 _build/build-feather_nrf52840_express_s340/msc_device.o
                0x00000000000fafe8                mscd_xfer_cb
 .text.tusb_init
                0x00000000000fb4a8       0x1a _build/build-feather_nrf52840_express_s340/tusb.o
                0x00000000000fb4a8                tusb_init
 .text.tusb_inited
                0x00000000000fb4c2        0x4 _build/build-feather_nrf52840_express_s340/tusb.o
                0x00000000000fb4c2                tusb_inited
 .text.tu_edpt_validate
                0x00000000000fb4c6       0x60 _build/build-feather_nrf52840_express_s340/tusb.o
                0x00000000000fb4c6                tu_edpt_validate
 .text.tu_edpt_bind_driver
                0x00000000000fb526       0x24 _build/build-feather_nrf52840_express_s340/tusb.o
                0x00000000000fb526                tu_edpt_bind_driver
 *fill*         0x00000000000fb54a        0x2 
 .text          0x00000000000fb54c       0x3c _build/build-feather_nrf52840_express_s340/gcc_startup_nrf52840.o
                0x00000000000fb54c                Reset_Handler
                0x00000000000fb574                NMI_Handler
                0x00000000000fb576                HardFault_Handler
                0x00000000000fb578                MemoryManagement_Handler
                0x00000000000fb57a                BusFault_Handler
                0x00000000000fb57c                UsageFault_Handler
                0x00000000000fb580                DebugMon_Handler
                0x00000000000fb582                PendSV_Handler
                0x00000000000fb586                TIMER3_IRQHandler
                0x00000000000fb586                PWM3_IRQHandler
                0x00000000000fb586                FPU_IRQHandler
                0x00000000000fb586                SPIM0_SPIS0_TWIM0_TWIS0_SPI0_TWI0_IRQHandler
                0x00000000000fb586                UARTE0_UART0_IRQHandler
                0x00000000000fb586                TIMER4_IRQHandler
                0x00000000000fb586                CRYPTOCELL_IRQHandler
                0x00000000000fb586                I2S_IRQHandler
                0x00000000000fb586                SWI4_EGU4_IRQHandler
                0x00000000000fb586                TIMER0_IRQHandler
                0x00000000000fb586                UARTE1_IRQHandler
                0x00000000000fb586                TIMER1_IRQHandler
                0x00000000000fb586                SPIM3_IRQHandler
                0x00000000000fb586                PWM2_IRQHandler
                0x00000000000fb586                ECB_IRQHandler
                0x00000000000fb586                SPIM1_SPIS1_TWIM1_TWIS1_SPI1_TWI1_IRQHandler
                0x00000000000fb586                Default_Handler
                0x00000000000fb586                SAADC_IRQHandler
                0x00000000000fb586                CCM_AAR_IRQHandler
                0x00000000000fb586                WDT_IRQHandler
                0x00000000000fb586                SWI5_EGU5_IRQHandler
                0x00000000000fb586                RNG_IRQHandler
                0x00000000000fb586                RTC2_IRQHandler
                0x00000000000fb586                PWM0_IRQHandler
                0x00000000000fb586                SWI3_EGU3_IRQHandler
                0x00000000000fb586                SWI1_EGU1_IRQHandler
                0x00000000000fb586                SPIM2_SPIS2_SPI2_IRQHandler
                0x00000000000fb586                NFCT_IRQHandler
                0x00000000000fb586                MWU_IRQHandler
                0x00000000000fb586                QSPI_IRQHandler
                0x00000000000fb586                TIMER2_IRQHandler
                0x00000000000fb586                COMP_LPCOMP_IRQHandler
                0x00000000000fb586                RTC0_IRQHandler
                0x00000000000fb586                GPIOTE_IRQHandler
                0x00000000000fb586                PWM1_IRQHandler
                0x00000000000fb586                RADIO_IRQHandler
                0x00000000000fb586                PDM_IRQHandler
                0x00000000000fb586                TEMP_IRQHandler
                0x00000000000fb586                QDEC_IRQHandler
 .text.memcmp   0x00000000000fb588       0x20 /usr/local/Cellar/arm-none-eabi-gcc/10.3-2021.07/gcc/bin/../lib/gcc/arm-none-eabi/10.3.1/../../../../arm-none-eabi/lib/thumb/v7e-m+fp/hard/libc_nano.a(lib_a-memcmp.o)
                0x00000000000fb588                memcmp
 .text.memcpy   0x00000000000fb5a8       0x1c /usr/local/Cellar/arm-none-eabi-gcc/10.3-2021.07/gcc/bin/../lib/gcc/arm-none-eabi/10.3.1/../../../../arm-none-eabi/lib/thumb/v7e-m+fp/hard/libc_nano.a(lib_a-memcpy-stub.o)
                0x00000000000fb5a8                memcpy
 .text.memmove  0x00000000000fb5c4       0x34 /usr/local/Cellar/arm-none-eabi-gcc/10.3-2021.07/gcc/bin/../lib/gcc/arm-none-eabi/10.3.1/../../../../arm-none-eabi/lib/thumb/v7e-m+fp/hard/libc_nano.a(lib_a-memmove.o)
                0x00000000000fb5c4                memmove
 .text.strcat   0x00000000000fb5f8       0x1e /usr/local/Cellar/arm-none-eabi-gcc/10.3-2021.07/gcc/bin/../lib/gcc/arm-none-eabi/10.3.1/../../../../arm-none-eabi/lib/thumb/v7e-m+fp/hard/libc_nano.a(lib_a-strcat.o)
                0x00000000000fb5f8                strcat
 .text          0x00000000000fb616       0x10 /usr/local/Cellar/arm-none-eabi-gcc/10.3-2021.07/gcc/bin/../lib/gcc/arm-none-eabi/10.3.1/../../../../arm-none-eabi/lib/thumb/v7e-m+fp/hard/libc_nano.a(lib_a-strlen.o)
                0x00000000000fb616                strlen
 *fill*         0x00000000000fb626        0x2 
 .text.__utoa   0x00000000000fb628       0x84 /usr/local/Cellar/arm-none-eabi-gcc/10.3-2021.07/gcc/bin/../lib/gcc/arm-none-eabi/10.3.1/../../../../arm-none-eabi/lib/thumb/v7e-m+fp/hard/libc_nano.a(lib_a-utoa.o)
                0x00000000000fb628                __utoa
 .text.utoa     0x00000000000fb6ac        0x4 /usr/local/Cellar/arm-none-eabi-gcc/10.3-2021.07/gcc/bin/../lib/gcc/arm-none-eabi/10.3.1/../../../../arm-none-eabi/lib/thumb/v7e-m+fp/hard/libc_nano.a(lib_a-utoa.o)
                0x00000000000fb6ac                utoa
 .text          0x00000000000fb6b0       0x30 /usr/local/Cellar/arm-none-eabi-gcc/10.3-2021.07/gcc/bin/../lib/gcc/arm-none-eabi/10.3.1/thumb/v7e-m+fp/hard/libgcc.a(_aeabi_uldivmod.o)
                0x00000000000fb6b0                __aeabi_uldivmod
 .text          0x00000000000fb6e0      0x2d0 /usr/local/Cellar/arm-none-eabi-gcc/10.3-2021.07/gcc/bin/../lib/gcc/arm-none-eabi/10.3.1/thumb/v7e-m+fp/hard/libgcc.a(_udivmoddi4.o)
                0x00000000000fb6e0                __udivmoddi4
 .text          0x00000000000fb9b0        0x4 /usr/local/Cellar/arm-none-eabi-gcc/10.3-2021.07/gcc/bin/../lib/gcc/arm-none-eabi/10.3.1/thumb/v7e-m+fp/hard/libgcc.a(_dvmd_tls.o)
                0x00000000000fb9b0                __aeabi_ldiv0
                0x00000000000fb9b0                __aeabi_idiv0
 *(.init)
 .init          0x00000000000fb9b4        0x4 /usr/local/Cellar/arm-none-eabi-gcc/10.3-2021.07/gcc/bin/../lib/gcc/arm-none-eabi/10.3.1/thumb/v7e-m+fp/hard/crti.o
                0x00000000000fb9b4                _init
 .init          0x00000000000fb9b8        0x8 /usr/local/Cellar/arm-none-eabi-gcc/10.3-2021.07/gcc/bin/../lib/gcc/arm-none-eabi/10.3.1/thumb/v7e-m+fp/hard/crtn.o
 *(.fini)
 .fini          0x00000000000fb9c0        0x4 /usr/local/Cellar/arm-none-eabi-gcc/10.3-2021.07/gcc/bin/../lib/gcc/arm-none-eabi/10.3.1/thumb/v7e-m+fp/hard/crti.o
                0x00000000000fb9c0                _fini
 .fini          0x00000000000fb9c4        0x8 /usr/local/Cellar/arm-none-eabi-gcc/10.3-2021.07/gcc/bin/../lib/gcc/arm-none-eabi/10.3.1/thumb/v7e-m+fp/hard/crtn.o
 *crtbegin.o(.ctors)
 *crtbegin?.o(.ctors)
 *(EXCLUDE_FILE(*crtend.o *crtend?.o) .ctors)
 *(SORT_BY_NAME(.ctors.*))
 *(.ctors)
 *crtbegin.o(.dtors)
 *crtbegin?.o(.dtors)
 *(EXCLUDE_FILE(*crtend.o *crtend?.o) .dtors)
 *(SORT_BY_NAME(.dtors.*))
 *(.dtors)
 *(.rodata*)
 .rodata._global_impure_ptr
                0x00000000000fb9cc        0x4 /usr/local/Cellar/arm-none-eabi-gcc/10.3-2021.07/gcc/bin/../lib/gcc/arm-none-eabi/10.3.1/../../../../arm-none-eabi/lib/thumb/v7e-m+fp/hard/libc.a(lib_a-impure.o)
                0x00000000000fb9cc                _global_impure_ptr
 .rodata.main.str1.1
                0x00000000000fb9d0       0x28 _build/build-feather_nrf52840_express_s340/main.o
 .rodata        0x00000000000fb9f8        0x4 _build/build-feather_nrf52840_express_s340/main.o
 *fill*         0x00000000000fb9fc        0x4 
 .rodata.delay_machine_code.0
                0x00000000000fba00        0x6 _build/build-feather_nrf52840_express_s340/main.o
 .rodata        0x00000000000fba06        0x3 _build/build-feather_nrf52840_express_s340/boards.o
 *fill*         0x00000000000fba09        0x7 
 .rodata.delay_machine_code.0
                0x00000000000fba10        0x6 _build/build-feather_nrf52840_express_s340/boards.o
 .rodata.CSWTCH.7
                0x00000000000fba16        0x4 _build/build-feather_nrf52840_express_s340/system_nrf52840.o
 *fill*         0x00000000000fba1a        0x2 
 .rodata._dfu_startup_timer
                0x00000000000fba1c        0x4 _build/build-feather_nrf52840_express_s340/bootloader.o
 .rodata.delay_machine_code.0
                0x00000000000fba20        0x6 _build/build-feather_nrf52840_express_s340/bootloader.o
 .rodata.advertising_start.str1.1
                0x00000000000fba26        0x7 _build/build-feather_nrf52840_express_s340/dfu_transport_ble.o
 .rodata.dfu_transport_ble_update_start.str1.1
                0x00000000000fba2d       0x57 _build/build-feather_nrf52840_express_s340/dfu_transport_ble.o
 .rodata        0x00000000000fba84       0x10 _build/build-feather_nrf52840_express_s340/dfu_transport_ble.o
 .rodata        0x00000000000fba94       0x10 _build/build-feather_nrf52840_express_s340/ble_dfu.o
 .rodata.m_app_timer_id
                0x00000000000fbaa4        0x4 _build/build-feather_nrf52840_express_s340/hci_transport.o
 .rodata.tud_msc_inquiry_cb.str1.1
                0x00000000000fbaa8       0x11 _build/build-feather_nrf52840_express_s340/msc_uf2.o
 .rodata.usb_desc_init.str1.1
                0x00000000000fbab9       0x11 _build/build-feather_nrf52840_express_s340/usb_desc.o
 .rodata.str1.1
                0x00000000000fbaca        0xb _build/build-feather_nrf52840_express_s340/usb_desc.o
                                         0x46 (size before relaxing)
 .rodata.__compound_literal.0
                0x00000000000fbad5        0x2 _build/build-feather_nrf52840_express_s340/usb_desc.o
 .rodata.uf2_init.str1.1
                0x00000000000fbad7       0x1d _build/build-feather_nrf52840_express_s340/ghostfat.o
                                         0x22 (size before relaxing)
 .rodata.BootBlock
                0x00000000000fbaf4       0x3e _build/build-feather_nrf52840_express_s340/ghostfat.o
 .rodata.indexFile
                0x00000000000fbb32       0x79 _build/build-feather_nrf52840_express_s340/ghostfat.o
                0x00000000000fbb32                indexFile
 *fill*         0x00000000000fbbab        0x1 
 .rodata.info   0x00000000000fbbac       0x30 _build/build-feather_nrf52840_express_s340/ghostfat.o
 .rodata._usbd_driver
                0x00000000000fbbdc       0x30 _build/build-feather_nrf52840_express_s340/usbd.o
 .rodata.__utoa.str1.1
                0x00000000000fbc0c       0x25 /usr/local/Cellar/arm-none-eabi-gcc/10.3-2021.07/gcc/bin/../lib/gcc/arm-none-eabi/10.3.1/../../../../arm-none-eabi/lib/thumb/v7e-m+fp/hard/libc_nano.a(lib_a-utoa.o)
 *(.eh_frame*)
 *fill*         0x00000000000fbc31        0x3 
 .eh_frame      0x00000000000fbc34        0x0 /usr/local/Cellar/arm-none-eabi-gcc/10.3-2021.07/gcc/bin/../lib/gcc/arm-none-eabi/10.3.1/thumb/v7e-m+fp/hard/crtbegin.o
 .eh_frame      0x00000000000fbc34        0x4 /usr/local/Cellar/arm-none-eabi-gcc/10.3-2021.07/gcc/bin/../lib/gcc/arm-none-eabi/10.3.1/thumb/v7e-m+fp/hard/crtend.o

.glue_7         0x00000000000fbc38        0x0
 .glue_7        0x00000000000fbc38        0x0 linker stubs

.glue_7t        0x00000000000fbc38        0x0
 .glue_7t       0x00000000000fbc38        0x0 linker stubs

.vfp11_veneer   0x00000000000fbc38        0x0
 .vfp11_veneer  0x00000000000fbc38        0x0 linker stubs

.v4_bx          0x00000000000fbc38        0x0
 .v4_bx         0x00000000000fbc38        0x0 linker stubs

.iplt           0x00000000000fbc38        0x0
 .iplt          0x00000000000fbc38        0x0 /usr/local/Cellar/arm-none-eabi-gcc/10.3-2021.07/gcc/bin/../lib/gcc/arm-none-eabi/10.3.1/thumb/v7e-m+fp/hard/crtbegin.o

.ARM.extab
 *(.ARM.extab* .gnu.linkonce.armextab.*)
                0x00000000000fbc38                __exidx_start = .

.ARM.exidx      0x00000000000fbc38        0x8
 *(.ARM.exidx* .gnu.linkonce.armexidx.*)
 .ARM.exidx     0x00000000000fbc38        0x8 /usr/local/Cellar/arm-none-eabi-gcc/10.3-2021.07/gcc/bin/../lib/gcc/arm-none-eabi/10.3.1/../../../../arm-none-eabi/lib/thumb/v7e-m+fp/hard/crt0.o
                                         0x10 (size before relaxing)
 .ARM.exidx     0x00000000000fbc40        0x0 /usr/local/Cellar/arm-none-eabi-gcc/10.3-2021.07/gcc/bin/../lib/gcc/arm-none-eabi/10.3.1/thumb/v7e-m+fp/hard/libgcc.a(_udivmoddi4.o)
                                          0x8 (size before relaxing)
                0x00000000000fbc40                __exidx_end = .
                0x00000000000fbc40                __etext = .

.rel.dyn        0x00000000000fbc40        0x0
 .rel.iplt      0x00000000000fbc40        0x0 /usr/local/Cellar/arm-none-eabi-gcc/10.3-2021.07/gcc/bin/../lib/gcc/arm-none-eabi/10.3.1/thumb/v7e-m+fp/hard/crtbegin.o

.data           0x0000000020008000      0x6c4 load address 0x00000000000fbc40
                0x0000000020008000                __data_start__ = .
 *(vtable)
 *(.data*)
 .data.impure_data
                0x0000000020008000      0x428 /usr/local/Cellar/arm-none-eabi-gcc/10.3-2021.07/gcc/bin/../lib/gcc/arm-none-eabi/10.3.1/../../../../arm-none-eabi/lib/thumb/v7e-m+fp/hard/libc.a(lib_a-impure.o)
 .data.__atexit_recursive_mutex
                0x0000000020008428        0x4 /usr/local/Cellar/arm-none-eabi-gcc/10.3-2021.07/gcc/bin/../lib/gcc/arm-none-eabi/10.3.1/../../../../arm-none-eabi/lib/thumb/v7e-m+fp/hard/libc.a(lib_a-__call_atexit.o)
                0x0000000020008428                __atexit_recursive_mutex
 .data._fl_addr
                0x000000002000842c        0x4 _build/build-feather_nrf52840_express_s340/flash_nrf5x.o
 .data.dbl_reset_mem
                0x0000000020008430        0x4 _build/build-feather_nrf52840_express_s340/main.o
                0x0000000020008430                dbl_reset_mem
 .data.SystemCoreClock
                0x0000000020008434        0x4 _build/build-feather_nrf52840_express_s340/system_nrf52840.o
                0x0000000020008434                SystemCoreClock
 .data._adv_handle
                0x0000000020008438        0x1 _build/build-feather_nrf52840_express_s340/dfu_transport_ble.o
 *fill*         0x0000000020008439        0x1 
 .data.m_conn_handle
                0x000000002000843a        0x2 _build/build-feather_nrf52840_express_s340/dfu_transport_ble.o
 .data.m_direct_adv_cnt
                0x000000002000843c        0x4 _build/build-feather_nrf52840_express_s340/dfu_transport_ble.o
 .data.handle_rx_byte
                0x0000000020008440        0x4 _build/build-feather_nrf52840_express_s340/hci_slip.o
 .data.send_tx_byte
                0x0000000020008444        0x4 _build/build-feather_nrf52840_express_s340/hci_slip.o
                0x0000000020008444                send_tx_byte
 .data.first_write.0
                0x0000000020008448        0x1 _build/build-feather_nrf52840_express_s340/msc_uf2.o
 .data.desc_configuration_cdc_msc
                0x0000000020008449       0x62 _build/build-feather_nrf52840_express_s340/usb_desc.o
                0x0000000020008449                desc_configuration_cdc_msc
 .data.desc_configuration_cdc_only
                0x00000000200084ab       0x4b _build/build-feather_nrf52840_express_s340/usb_desc.o
                0x00000000200084ab                desc_configuration_cdc_only
 .data.desc_device
                0x00000000200084f6       0x12 _build/build-feather_nrf52840_express_s340/usb_desc.o
                0x00000000200084f6                desc_device
 .data.string_desc_arr
                0x0000000020008508       0x18 _build/build-feather_nrf52840_express_s340/usb_desc.o
                0x0000000020008508                string_desc_arr
 .data.infoUf2File
                0x0000000020008520      0x180 _build/build-feather_nrf52840_express_s340/ghostfat.o
                0x0000000020008520                infoUf2File
 .data._usbd_qdef
                0x00000000200086a0       0x18 _build/build-feather_nrf52840_express_s340/usbd.o
                0x00000000200086a0                _usbd_qdef
                0x00000000200086b8                . = ALIGN (0x4)
                0x00000000200086b8                PROVIDE (__preinit_array_start = .)
 *(.preinit_array)
                0x00000000200086b8                PROVIDE (__preinit_array_end = .)
                0x00000000200086b8                . = ALIGN (0x4)
                0x00000000200086b8                PROVIDE (__init_array_start = .)
 *(SORT_BY_NAME(.init_array.*))
 .init_array.00000
                0x00000000200086b8        0x4 /usr/local/Cellar/arm-none-eabi-gcc/10.3-2021.07/gcc/bin/../lib/gcc/arm-none-eabi/10.3.1/../../../../arm-none-eabi/lib/thumb/v7e-m+fp/hard/libc.a(lib_a-__call_atexit.o)
 *(.init_array)
 .init_array    0x00000000200086bc        0x4 /usr/local/Cellar/arm-none-eabi-gcc/10.3-2021.07/gcc/bin/../lib/gcc/arm-none-eabi/10.3.1/thumb/v7e-m+fp/hard/crtbegin.o
                0x00000000200086c0                PROVIDE (__init_array_end = .)
                0x00000000200086c0                . = ALIGN (0x4)
                0x00000000200086c0                PROVIDE (__fini_array_start = .)
 *(SORT_BY_NAME(.fini_array.*))
 *(.fini_array)
 .fini_array    0x00000000200086c0        0x4 /usr/local/Cellar/arm-none-eabi-gcc/10.3-2021.07/gcc/bin/../lib/gcc/arm-none-eabi/10.3.1/thumb/v7e-m+fp/hard/crtbegin.o
                0x00000000200086c4                PROVIDE (__fini_array_end = .)
 *(.jcr*)
                0x00000000200086c4                . = ALIGN (0x4)
                0x00000000200086c4                __data_end__ = .

.igot.plt       0x00000000200086c4        0x0 load address 0x00000000000fc304
 .igot.plt      0x00000000200086c4        0x0 /usr/local/Cellar/arm-none-eabi-gcc/10.3-2021.07/gcc/bin/../lib/gcc/arm-none-eabi/10.3.1/thumb/v7e-m+fp/hard/crtbegin.o

.bss            0x00000000200086c4     0x4818 load address 0x00000000000fc304
                0x00000000200086c4                . = ALIGN (0x4)
                0x00000000200086c4                __bss_start__ = .
 *(.bss*)
 .bss           0x00000000200086c4       0x1c /usr/local/Cellar/arm-none-eabi-gcc/10.3-2021.07/gcc/bin/../lib/gcc/arm-none-eabi/10.3.1/thumb/v7e-m+fp/hard/crtbegin.o
 .bss.__lock___atexit_recursive_mutex
                0x00000000200086e0        0x1 /usr/local/Cellar/arm-none-eabi-gcc/10.3-2021.07/gcc/bin/../lib/gcc/arm-none-eabi/10.3.1/../../../../arm-none-eabi/lib/thumb/v7e-m+fp/hard/libc.a(lib_a-lock.o)
                0x00000000200086e0                __lock___atexit_recursive_mutex
 .bss.m_extended_packet
                0x00000000200086e1        0xa _build/build-feather_nrf52840_express_s340/dfu_init.o
 *fill*         0x00000000200086eb        0x1 
 .bss._fl_buf   0x00000000200086ec     0x1000 _build/build-feather_nrf52840_express_s340/flash_nrf5x.o
 .bss._ota_connected
                0x00000000200096ec        0x1 _build/build-feather_nrf52840_express_s340/main.o
                0x00000000200096ec                _ota_connected
 .bss._ota_dfu  0x00000000200096ed        0x1 _build/build-feather_nrf52840_express_s340/main.o
                0x00000000200096ed                _ota_dfu
 .bss._sd_inited
                0x00000000200096ee        0x1 _build/build-feather_nrf52840_express_s340/main.o
                0x00000000200096ee                _sd_inited
 *fill*         0x00000000200096ef        0x1 
 .bss.APP_SCHED_BUF.1
                0x00000000200096f0      0x1f0 _build/build-feather_nrf52840_express_s340/boards.o
 .bss._systick_count
                0x00000000200098e0        0x4 _build/build-feather_nrf52840_express_s340/boards.o
 .bss.led_duty_cycles
                0x00000000200098e4        0x8 _build/build-feather_nrf52840_express_s340/boards.o
 .bss.pixels_pattern
                0x00000000200098ec       0x34 _build/build-feather_nrf52840_express_s340/boards.o
 .bss.primary_cycle_length
                0x0000000020009920        0x4 _build/build-feather_nrf52840_express_s340/boards.o
 .bss.rgb_color
                0x0000000020009924        0x4 _build/build-feather_nrf52840_express_s340/boards.o
 .bss.secondary_cycle_length
                0x0000000020009928        0x4 _build/build-feather_nrf52840_express_s340/boards.o
 .bss.temp_color_active
                0x000000002000992c        0x1 _build/build-feather_nrf52840_express_s340/boards.o
 *fill*         0x000000002000992d        0x3 
 .bss.m_pofwarn_handler
                0x0000000020009930        0x4 _build/build-feather_nrf52840_express_s340/nrfx_power.o
 .bss.m_sleepevt_handler
                0x0000000020009934        0x4 _build/build-feather_nrf52840_express_s340/nrfx_power.o
 .bss.m_usbevt_handler
                0x0000000020009938        0x4 _build/build-feather_nrf52840_express_s340/nrfx_power.o
 .bss.nrfx_power_irq_enabled
                0x000000002000993c        0x1 _build/build-feather_nrf52840_express_s340/nrfx_power.o
                0x000000002000993c                nrfx_power_irq_enabled
 *fill*         0x000000002000993d        0x3 
 .bss._dfu_startup_timer_data
                0x0000000020009940       0x20 _build/build-feather_nrf52840_express_s340/bootloader.o
 .bss.dfu_startup_packet_received
                0x0000000020009960        0x1 _build/build-feather_nrf52840_express_s340/bootloader.o
                0x0000000020009960                dfu_startup_packet_received
 *fill*         0x0000000020009961        0x3 
 .bss.m_bootsettings_handle
                0x0000000020009964        0x8 _build/build-feather_nrf52840_express_s340/bootloader.o
 .bss.m_cancel_timeout_on_usb
                0x000000002000996c        0x1 _build/build-feather_nrf52840_express_s340/bootloader.o
 .bss.m_update_status
                0x000000002000996d        0x1 _build/build-feather_nrf52840_express_s340/bootloader.o
 *fill*         0x000000002000996e        0x2 
 .bss.settings.1
                0x0000000020009970       0x1c _build/build-feather_nrf52840_express_s340/bootloader.o
 .bss.m_data_queue
                0x000000002000998c       0x34 _build/build-feather_nrf52840_express_s340/dfu_transport_serial.o
 .bss.adv_buf.0
                0x00000000200099c0       0x1f _build/build-feather_nrf52840_express_s340/dfu_transport_ble.o
 *fill*         0x00000000200099df        0x1 
 .bss.gap_adv.1
                0x00000000200099e0       0x10 _build/build-feather_nrf52840_express_s340/dfu_transport_ble.o
 .bss.m_ble_peer_data
                0x00000000200099f0       0x3c _build/build-feather_nrf52840_express_s340/dfu_transport_ble.o
 .bss.m_ble_peer_data_valid
                0x0000000020009a2c        0x1 _build/build-feather_nrf52840_express_s340/dfu_transport_ble.o
 *fill*         0x0000000020009a2d        0x3 
 .bss.m_dfu     0x0000000020009a30       0x30 _build/build-feather_nrf52840_express_s340/dfu_transport_ble.o
 .bss.m_gap_ids
                0x0000000020009a60        0x4 _build/build-feather_nrf52840_express_s340/dfu_transport_ble.o
 .bss.m_is_advertising
                0x0000000020009a64        0x1 _build/build-feather_nrf52840_express_s340/dfu_transport_ble.o
 *fill*         0x0000000020009a65        0x3 
 .bss.m_num_of_firmware_bytes_rcvd
                0x0000000020009a68        0x4 _build/build-feather_nrf52840_express_s340/dfu_transport_ble.o
 .bss.m_pkt_notif_target
                0x0000000020009a6c        0x2 _build/build-feather_nrf52840_express_s340/dfu_transport_ble.o
 .bss.m_pkt_notif_target_cnt
                0x0000000020009a6e        0x2 _build/build-feather_nrf52840_express_s340/dfu_transport_ble.o
 .bss.m_pkt_rcpt_notif_enabled
                0x0000000020009a70        0x1 _build/build-feather_nrf52840_express_s340/dfu_transport_ble.o
 .bss.m_pkt_type
                0x0000000020009a71        0x1 _build/build-feather_nrf52840_express_s340/dfu_transport_ble.o
 .bss.m_sec_params
                0x0000000020009a72        0x5 _build/build-feather_nrf52840_express_s340/dfu_transport_ble.o
 .bss.m_tear_down_in_progress
                0x0000000020009a77        0x1 _build/build-feather_nrf52840_express_s340/dfu_transport_ble.o
 .bss.m_update_mode
                0x0000000020009a78        0x1 _build/build-feather_nrf52840_express_s340/dfu_transport_ble.o
 *fill*         0x0000000020009a79        0x3 
 .bss.m_whitelist
                0x0000000020009a7c        0x4 _build/build-feather_nrf52840_express_s340/dfu_transport_ble.o
 .bss.mp_final_packet
                0x0000000020009a80        0x4 _build/build-feather_nrf52840_express_s340/dfu_transport_ble.o
 .bss.mp_rx_buffer
                0x0000000020009a84        0x4 _build/build-feather_nrf52840_express_s340/dfu_transport_ble.o
 .bss.m_data_pkt_cb
                0x0000000020009a88        0x4 _build/build-feather_nrf52840_express_s340/dfu_single_bank.o
 .bss.m_data_received
                0x0000000020009a8c        0x4 _build/build-feather_nrf52840_express_s340/dfu_single_bank.o
 .bss.m_dfu_state
                0x0000000020009a90        0x1 _build/build-feather_nrf52840_express_s340/dfu_single_bank.o
 *fill*         0x0000000020009a91        0x3 
 .bss.m_functions
                0x0000000020009a94        0xc _build/build-feather_nrf52840_express_s340/dfu_single_bank.o
 .bss.m_image_crc
                0x0000000020009aa0        0x2 _build/build-feather_nrf52840_express_s340/dfu_single_bank.o
 *fill*         0x0000000020009aa2        0x2 
 .bss.m_image_size
                0x0000000020009aa4        0x4 _build/build-feather_nrf52840_express_s340/dfu_single_bank.o
 .bss.m_init_packet
                0x0000000020009aa8       0x40 _build/build-feather_nrf52840_express_s340/dfu_single_bank.o
 .bss.m_init_packet_length
                0x0000000020009ae8        0x1 _build/build-feather_nrf52840_express_s340/dfu_single_bank.o
 *fill*         0x0000000020009ae9        0x3 
 .bss.m_start_packet
                0x0000000020009aec       0x10 _build/build-feather_nrf52840_express_s340/dfu_single_bank.o
 .bss.m_storage_handle_app
                0x0000000020009afc        0x8 _build/build-feather_nrf52840_express_s340/dfu_single_bank.o
 .bss.mp_storage_handle_active
                0x0000000020009b04        0x4 _build/build-feather_nrf52840_express_s340/dfu_single_bank.o
 .bss.m_is_dfu_service_initialized
                0x0000000020009b08        0x1 _build/build-feather_nrf52840_express_s340/ble_dfu.o
 .bss.m_notif_buffer
                0x0000000020009b09        0x7 _build/build-feather_nrf52840_express_s340/ble_dfu.o
 .bss.fw_rev_handles
                0x0000000020009b10        0x8 _build/build-feather_nrf52840_express_s340/ble_dis.o
 .bss.manufact_name_handles
                0x0000000020009b18        0x8 _build/build-feather_nrf52840_express_s340/ble_dis.o
 .bss.model_num_handles
                0x0000000020009b20        0x8 _build/build-feather_nrf52840_express_s340/ble_dis.o
 .bss.pnp_id_handles
                0x0000000020009b28        0x8 _build/build-feather_nrf52840_express_s340/ble_dis.o
 .bss.service_handle
                0x0000000020009b30        0x2 _build/build-feather_nrf52840_express_s340/ble_dis.o
 *fill*         0x0000000020009b32        0x2 
 .bss.m_app_table
                0x0000000020009b34       0x10 _build/build-feather_nrf52840_express_s340/pstorage_raw.o
 .bss.m_cmd_queue
                0x0000000020009b44       0xf4 _build/build-feather_nrf52840_express_s340/pstorage_raw.o
 .bss.m_next_app_instance
                0x0000000020009c38        0x4 _build/build-feather_nrf52840_express_s340/pstorage_raw.o
 .bss.m_round_val
                0x0000000020009c3c        0x4 _build/build-feather_nrf52840_express_s340/pstorage_raw.o
 .bss.m_op_queue
                0x0000000020009c40      0x10c _build/build-feather_nrf52840_express_s340/app_timer.o
 .bss.m_rtc1_reset
                0x0000000020009d4c        0x1 _build/build-feather_nrf52840_express_s340/app_timer.o
 .bss.m_rtc1_running
                0x0000000020009d4d        0x1 _build/build-feather_nrf52840_express_s340/app_timer.o
 *fill*         0x0000000020009d4e        0x2 
 .bss.m_ticks_elapsed
                0x0000000020009d50        0x8 _build/build-feather_nrf52840_express_s340/app_timer.o
 .bss.m_ticks_elapsed_q_read_ind
                0x0000000020009d58        0x1 _build/build-feather_nrf52840_express_s340/app_timer.o
 .bss.m_ticks_elapsed_q_write_ind
                0x0000000020009d59        0x1 _build/build-feather_nrf52840_express_s340/app_timer.o
 *fill*         0x0000000020009d5a        0x2 
 .bss.m_ticks_latest
                0x0000000020009d5c        0x4 _build/build-feather_nrf52840_express_s340/app_timer.o
 .bss.mp_timer_id_head
                0x0000000020009d60        0x4 _build/build-feather_nrf52840_express_s340/app_timer.o
 .bss.m_queue_end_index
                0x0000000020009d64        0x1 _build/build-feather_nrf52840_express_s340/app_scheduler.o
 *fill*         0x0000000020009d65        0x3 
 .bss.m_queue_event_data
                0x0000000020009d68        0x4 _build/build-feather_nrf52840_express_s340/app_scheduler.o
 .bss.m_queue_event_headers
                0x0000000020009d6c        0x4 _build/build-feather_nrf52840_express_s340/app_scheduler.o
 .bss.m_queue_event_size
                0x0000000020009d70        0x2 _build/build-feather_nrf52840_express_s340/app_scheduler.o
 .bss.m_queue_size
                0x0000000020009d72        0x2 _build/build-feather_nrf52840_express_s340/app_scheduler.o
 .bss.m_queue_start_index
                0x0000000020009d74        0x1 _build/build-feather_nrf52840_express_s340/app_scheduler.o
 *fill*         0x0000000020009d75        0x3 
 .bss.nrf_nvic_state
                0x0000000020009d78        0xc _build/build-feather_nrf52840_express_s340/app_util_platform.o
                0x0000000020009d78                nrf_nvic_state
 .bss.m_is_tx_allocated
                0x0000000020009d84        0x1 _build/build-feather_nrf52840_express_s340/hci_mem_pool.o
 *fill*         0x0000000020009d85        0x3 
 .bss.m_rx_buffer_elem_queue
                0x0000000020009d88     0x12e0 _build/build-feather_nrf52840_express_s340/hci_mem_pool.o
 .bss.m_rx_buffer_queue
                0x000000002000b068       0x1c _build/build-feather_nrf52840_express_s340/hci_mem_pool.o
 .bss.m_current_state
                0x000000002000b084        0x1 _build/build-feather_nrf52840_express_s340/hci_slip.o
 *fill*         0x000000002000b085        0x3 
 .bss.m_rx_buffer_length
                0x000000002000b088        0x4 _build/build-feather_nrf52840_express_s340/hci_slip.o
 .bss.m_rx_received_count
                0x000000002000b08c        0x4 _build/build-feather_nrf52840_express_s340/hci_slip.o
 .bss.m_slip_event_handler
                0x000000002000b090        0x4 _build/build-feather_nrf52840_express_s340/hci_slip.o
 .bss.m_tx_buffer_index
                0x000000002000b094        0x4 _build/build-feather_nrf52840_express_s340/hci_slip.o
 .bss.m_tx_buffer_length
                0x000000002000b098        0x4 _build/build-feather_nrf52840_express_s340/hci_slip.o
 .bss.mp_rx_buffer
                0x000000002000b09c        0x4 _build/build-feather_nrf52840_express_s340/hci_slip.o
 .bss.mp_tx_buffer
                0x000000002000b0a0        0x4 _build/build-feather_nrf52840_express_s340/hci_slip.o
 .bss.ack_packet.0
                0x000000002000b0a4        0x4 _build/build-feather_nrf52840_express_s340/hci_transport.o
 .bss.m_app_timer_id_data
                0x000000002000b0a8       0x20 _build/build-feather_nrf52840_express_s340/hci_transport.o
 .bss.m_is_slip_decode_ready