src/cmsis/include/core_cm4.h:1790:22:NVIC_SystemReset	0	static
lib/softdevice/s340_nrf52_6.1.1/s340_nrf52_6.1.1_API/include/nrf_soc.h:900:1:sd_evt_get	0	static
lib/softdevice/s340_nrf52_6.1.1/s340_nrf52_6.1.1_API/include/nrf_sdm.h:332:1:sd_softdevice_enable	0	static
lib/softdevice/s340_nrf52_6.1.1/s340_nrf52_6.1.1_API/include/nrf_sdm.h:348:1:sd_softdevice_disable	0	static
lib/softdevice/s340_nrf52_6.1.1/s340_nrf52_6.1.1_API/include/nrf_sdm.h:366:1:sd_softdevice_vector_table_base_set	0	static
lib/softdevice/s340_nrf52_6.1.1/s340_nrf52_6.1.1_API/include/nrf52/nrf_mbr.h:257:1:sd_mbr_command	0	static
lib/softdevice/s340_nrf52_6.1.1/s340_nrf52_6.1.1_API/include/ble.h:435:1:sd_ble_enable	0	static
lib/softdevice/s340_nrf52_6.1.1/s340_nrf52_6.1.1_API/include/ble.h:471:1:sd_ble_cfg_set	0	static
lib/softdevice/s340_nrf52_6.1.1/s340_nrf52_6.1.1_API/include/ble.h:509:1:sd_ble_evt_get	0	static
src/main.c:157:13:mbr_init_sd	24	static
src/main.c:419:6:app_error_fault_handler	8	static
src/main.c:147:6:is_ota	0	static
src/main.c:167:5:main	40	static
src/main.c:426:6:assert_nrf_callback	8	static
src/main.c:436:10:proc_ble	512	static
src/main.c:475:10:proc_soc	16	static
src/main.c:497:6:proc_sd_task	8	static
src/main.c:509:6:SWI2_EGU2_IRQHandler	0	static
