lib/nrfx/hal/nrf_power.h:873:24:nrf_power_event_get_and_clear.constprop	8	static
lib/nrfx/drivers/src/nrfx_power.c:89:36:nrfx_power_pof_handler_get	0	static
lib/nrfx/drivers/src/nrfx_power.c:95:32:nrfx_power_usb_handler_get	0	static
lib/nrfx/drivers/src/nrfx_power.c:101:12:nrfx_power_init	0	static
lib/nrfx/drivers/src/nrfx_power.c:125:6:nrfx_power_uninit	0	static
lib/nrfx/drivers/src/nrfx_power.c:148:6:nrfx_power_pof_init	0	static
lib/nrfx/drivers/src/nrfx_power.c:160:6:nrfx_power_pof_enable	0	static
lib/nrfx/drivers/src/nrfx_power.c:172:6:nrfx_power_pof_disable	0	static
lib/nrfx/drivers/src/nrfx_power.c:178:6:nrfx_power_pof_uninit	0	static
lib/nrfx/drivers/src/nrfx_power.c:185:6:nrfx_power_sleepevt_init	0	static
lib/nrfx/drivers/src/nrfx_power.c:196:6:nrfx_power_sleepevt_enable	8	static
lib/nrfx/drivers/src/nrfx_power.c:212:6:nrfx_power_sleepevt_disable	0	static
lib/nrfx/drivers/src/nrfx_power.c:218:6:nrfx_power_sleepevt_uninit	0	static
lib/nrfx/drivers/src/nrfx_power.c:225:6:nrfx_power_usbevt_init	0	static
lib/nrfx/drivers/src/nrfx_power.c:236:6:nrfx_power_usbevt_enable	0	static
lib/nrfx/drivers/src/nrfx_power.c:243:6:nrfx_power_usbevt_disable	0	static
lib/nrfx/drivers/src/nrfx_power.c:250:6:nrfx_power_usbevt_uninit	0	static
lib/nrfx/drivers/src/nrfx_power.c:257:6:POWER_CLOCK_IRQHandler	8	static
