lib/tinyusb/src/device/usbd.c:251:43:get_driver	0	static
lib/tinyusb/src/device/usbd.c:447:13:configuration_reset	16	static
lib/tinyusb/src/device/usbd.c:626:13:invoke_class_control	24	static
lib/tinyusb/src/osal/osal_none.h:176:20:osal_queue_send.isra	24	static
lib/tinyusb/src/device/usbd.c:355:14:tud_speed_get	0	static
lib/tinyusb/src/device/usbd.c:360:6:tud_connected	0	static
lib/tinyusb/src/device/usbd.c:365:6:tud_mounted	0	static
lib/tinyusb/src/device/usbd.c:370:6:tud_suspended	0	static
lib/tinyusb/src/device/usbd.c:375:6:tud_remote_wakeup	8	static
lib/tinyusb/src/device/usbd.c:383:6:tud_disconnect	8	static
lib/tinyusb/src/device/usbd.c:390:6:tud_connect	8	static
lib/tinyusb/src/device/usbd.c:400:6:tud_inited	0	static
lib/tinyusb/src/device/usbd.c:405:6:tud_init	24	static
lib/tinyusb/src/device/usbd.c:465:6:tud_task_event_ready	8	static
lib/tinyusb/src/device/usbd.c:1090:6:dcd_event_handler	24	static
lib/tinyusb/src/device/usbd.c:1140:6:dcd_event_bus_signal	24	static
lib/tinyusb/src/device/usbd.c:1146:6:dcd_event_bus_reset	24	static
lib/tinyusb/src/device/usbd.c:1153:6:dcd_event_setup_received	24	static
lib/tinyusb/src/device/usbd.c:1161:6:dcd_event_xfer_complete	24	static
lib/tinyusb/src/device/usbd.c:1201:6:usbd_defer_func	24	static
lib/tinyusb/src/device/usbd.c:1219:6:usbd_edpt_open	16	static
lib/tinyusb/src/device/usbd.c:1177:6:usbd_open_edpt_pair	32	static
lib/tinyusb/src/device/usbd.c:1227:6:usbd_edpt_claim	0	static
lib/tinyusb/src/device/usbd.c:1257:6:usbd_edpt_release	0	static
lib/tinyusb/src/device/usbd.c:1282:6:usbd_edpt_xfer	16	static
lib/tinyusb/src/device/usbd.c:1317:6:usbd_edpt_xfer_fifo	16	static
lib/tinyusb/src/device/usbd.c:1346:6:usbd_edpt_busy	0	static
lib/tinyusb/src/device/usbd.c:1356:6:usbd_edpt_stall	8	static
lib/tinyusb/src/device/usbd.c:1372:6:usbd_edpt_clear_stall	8	static
lib/tinyusb/src/device/usbd.c:1387:6:usbd_edpt_stalled	0	static
lib/tinyusb/src/device/usbd.c:491:6:tud_task	64	static
lib/tinyusb/src/device/usbd.c:1403:6:usbd_edpt_close	8	static
